ARM Linker, RVCT4.0 [Build 524] for uVision [Standard]

==============================================================================

Section Cross References

    aduc702x.o(STACK) refers (Special) to heapauxi.o(.text) for __use_two_region_memory
    aduc702x.o(HEAP) refers (Special) to heapauxi.o(.text) for __use_two_region_memory
    aduc702x.o(RESET) refers (Special) to heapauxi.o(.text) for __use_two_region_memory
    aduc702x.o(RESET) refers to variablechannel-v14.o(.text) for Undef_Handler
    aduc702x.o(RESET) refers to variablechannel-v14.o(.text) for IRQ_Handler
    aduc702x.o(RESET) refers to aduc702x.o(STACK) for Stack_Top
    aduc702x.o(RESET) refers to __main.o(!!!main) for __main
    aduc702x.o(.text) refers (Special) to heapauxi.o(.text) for __use_two_region_memory
    aduc702x.o(.text) refers to aduc702x.o(HEAP) for Heap_Mem
    aduc702x.o(.text) refers to aduc702x.o(STACK) for Stack_Mem
    cepstrum.o(.text) refers to fft.o(.text) for fftforward
    cepstrum.o(.text) refers to f2d.o(x$fpl$f2d) for __aeabi_f2d
    cepstrum.o(.text) refers to log.o(i.log) for log
    cepstrum.o(.text) refers to d2f.o(x$fpl$d2f) for __aeabi_d2f
    cepstrum.o(.text) refers to variablechannel-v14.o(.bss) for FFTOutput
    comparefunctions.o(.text) refers to faddsub_noclz.o(x$fpl$fsub) for __aeabi_fsub
    comparefunctions.o(.text) refers to ffix.o(x$fpl$ffix) for __aeabi_f2iz
    comparefunctions.o(.text) refers to fflt_noclz.o(x$fpl$fflt) for __aeabi_i2f
    comparefunctions.o(.text) refers to feqf.o(x$fpl$feqf) for __aeabi_cfcmpeq
    comparefunctions.o(.text) refers to fdiv.o(x$fpl$fdiv) for __aeabi_fdiv
    comparefunctions.o(.text) refers to variablechannel-v14.o(.data) for Imd
    controlmodule.o(.text) refers to feqf.o(x$fpl$feqf) for __aeabi_cfcmpeq
    controlmodule.o(.text) refers to faddsub_noclz.o(x$fpl$fsub) for __aeabi_fsub
    controlmodule.o(.text) refers to ffix.o(x$fpl$ffix) for __aeabi_f2iz
    controlmodule.o(.text) refers to fflt_noclz.o(x$fpl$fflt) for __aeabi_i2f
    controlmodule.o(.text) refers to fdiv.o(x$fpl$fdiv) for __aeabi_fdiv
    controlmodule.o(.text) refers to f2d.o(x$fpl$f2d) for __aeabi_f2d
    controlmodule.o(.text) refers to drleqf.o(x$fpl$drleqf) for __aeabi_cdrcmple
    controlmodule.o(.text) refers to variablechannel-v14.o(.bss) for Ref
    fft.o(.text) refers to fmul.o(x$fpl$fmul) for __aeabi_fmul
    fft.o(.text) refers to dflt_noclz.o(x$fpl$dflt) for __aeabi_i2d
    fft.o(.text) refers to pow.o(i.pow) for pow
    fft.o(.text) refers to dfix.o(x$fpl$dfix) for __aeabi_d2iz
    fft.o(.text) refers to aeabi_sdiv.o(.text) for __aeabi_idivmod
    fft.o(.text) refers to fflt_noclz.o(x$fpl$fflt) for __aeabi_i2f
    fft.o(.text) refers to faddsub_noclz.o(x$fpl$fsub) for __aeabi_fsub
    fft.o(.text) refers to faddsub_noclz.o(x$fpl$fadd) for __aeabi_fadd
    fft.o(.text) refers to faddsub_noclz.o(x$fpl$frsb) for __aeabi_frsub
    fft.o(.text) refers to fleqf.o(x$fpl$fleqf) for __aeabi_cfcmple
    fft.o(.text) refers to sqrtf.o(i.sqrtf) for sqrtf
    fft.o(.text) refers to fdiv.o(x$fpl$fdiv) for __aeabi_fdiv
    fft.o(.text) refers to f2d.o(x$fpl$f2d) for __aeabi_f2d
    fft.o(.text) refers to atan.o(i.atan) for atan
    fft.o(.text) refers to d2f.o(x$fpl$d2f) for __aeabi_d2f
    fft.o(.text) refers to fft.o(.bss) for .bss
    fft.o(.text) refers to variablechannel-v14.o(.bss) for Window
    fft.o(.text) refers to fft.o(.data) for .data
    fft.o(.text) refers to ddiv.o(x$fpl$ddiv) for __aeabi_ddiv
    fft.o(.text) refers to dmul.o(x$fpl$dmul) for __aeabi_dmul
    fft.o(.text) refers to ffix.o(x$fpl$ffix) for __aeabi_f2iz
    fft.o(.text) refers to cos.o(i.cos) for cos
    fft.o(.text) refers to sin.o(i.sin) for sin
    fft.o(.text) refers to variablechannel-v14.o(.data) for QFactor
    initializations.o(.text) refers to fft.o(.text) for Scramblefunction
    initializations.o(.text) refers to dflt_noclz.o(x$fpl$dflt) for __aeabi_i2d
    initializations.o(.text) refers to cos.o(i.cos) for cos
    initializations.o(.text) refers to d2f.o(x$fpl$d2f) for __aeabi_d2f
    initializations.o(.text) refers to sin.o(i.sin) for sin
    initializations.o(.text) refers to window.o(.text) for initwindow
    initializations.o(.text) refers to variablechannel-v14.o(.bss) for Array
    initializations.o(.text) refers to variablechannel-v14.o(.data) for QFactor
    process.o(.text) refers to faddsub_noclz.o(x$fpl$fadd) for __aeabi_fadd
    process.o(.text) refers to fdiv.o(x$fpl$fdiv) for __aeabi_fdiv
    process.o(.text) refers to faddsub_noclz.o(x$fpl$fsub) for __aeabi_fsub
    process.o(.text) refers to fmul.o(x$fpl$fmul) for __aeabi_fmul
    process.o(.text) refers to ffix.o(x$fpl$ffix) for __aeabi_f2iz
    process.o(.text) refers to fflt_noclz.o(x$fpl$fflt) for __aeabi_i2f
    process.o(.text) refers to frleqf.o(x$fpl$frleqf) for __aeabi_cfrcmple
    process.o(.text) refers to rms.o(.text) for rms
    process.o(.text) refers to aeabi_sdiv.o(.text) for __aeabi_idivmod
[...]
    sqrt.o(i.sqrt) refers to dleqf.o(x$fpl$dleqf) for __aeabi_cdcmple
    sqrt.o(i.sqrt) refers to _rserrno.o(.text) for __set_errno
    sqrt.o(i.sqrt) refers to dsqrt.o(x$fpl$dsqrt) for _dsqrt
    rtentry2.o(.ARM.Collect$$rtentry$$00000008) refers to boardinit2.o(.text) for _platform_post_stackheap_init
    rtentry2.o(.ARM.Collect$$rtentry$$0000000A) refers to libinit.o(.ARM.Collect$$libinit$$00000000) for __rt_lib_init
    rtentry2.o(.ARM.Collect$$rtentry$$0000000B) refers to boardinit3.o(.text) for _platform_post_lib_init
    rtentry2.o(.ARM.Collect$$rtentry$$0000000D) refers to exit.o(.text) for exit
    rtentry2.o(.ARM.Collect$$rtentry$$0000000D) refers to variablechannel-v14.o(.text) for main
    rtentry2.o(.ARM.exidx) refers to rtentry2.o(.ARM.Collect$$rtentry$$00000001) for .ARM.Collect$$rtentry$$00000001
    rtentry2.o(.ARM.exidx) refers to rtentry2.o(.ARM.Collect$$rtentry$$00000002) for .ARM.Collect$$rtentry$$00000002
    rtentry2.o(.ARM.exidx) refers to rtentry2.o(.ARM.Collect$$rtentry$$00000008) for .ARM.Collect$$rtentry$$00000008
    rtentry2.o(.ARM.exidx) refers to rtentry2.o(.ARM.Collect$$rtentry$$00000009) for .ARM.Collect$$rtentry$$00000009
    rtentry2.o(.ARM.exidx) refers to rtentry2.o(.ARM.Collect$$rtentry$$0000000A) for .ARM.Collect$$rtentry$$0000000A
    rtentry2.o(.ARM.exidx) refers to rtentry2.o(.ARM.Collect$$rtentry$$0000000B) for .ARM.Collect$$rtentry$$0000000B
    rtentry2.o(.ARM.exidx) refers to rtentry2.o(.ARM.Collect$$rtentry$$0000000C) for .ARM.Collect$$rtentry$$0000000C
    rtentry2.o(.ARM.exidx) refers to rtentry2.o(.ARM.Collect$$rtentry$$0000000D) for .ARM.Collect$$rtentry$$0000000D
    rtentry4.o(.ARM.Collect$$rtentry$$00000004) refers to sys_stackheap_outer.o(.text) for __user_setup_stackheap
    rtentry4.o(.ARM.exidx) refers to rtentry4.o(.ARM.Collect$$rtentry$$00000004) for .ARM.Collect$$rtentry$$00000004
    rt_div0.o(.text) refers to defsig_fpe_outer.o(.text) for __rt_SIGFPE
    rt_errno_addr.o(.text) refers to rt_errno_addr.o(.bss) for __aeabi_errno_addr_data
    rt_errno_addr_intlibspace.o(.text) refers to libspace.o(.bss) for __libspace_start
    dleqf.o(x$fpl$dleqf) refers (Special) to usenofp.o(x$fpl$usenofp) for __I$use$fp
    dleqf.o(x$fpl$dleqf) refers to dcmpin.o(x$fpl$dcmpinfnan) for __fpl_dcmp_InfNaN
    drem_noclz.o(x$fpl$drem) refers (Special) to usenofp.o(x$fpl$usenofp) for __I$use$fp
    drem_noclz.o(x$fpl$drem) refers (Special) to dunder.o(x$fpl$dunder) for __dunder
    drem_noclz.o(x$fpl$drem) refers to dcheck.o(x$fpl$dcheck) for __fpl_dcheck_NaN2
    dsqrt.o(x$fpl$dsqrt) refers (Special) to usenofp.o(x$fpl$usenofp) for __I$use$fp
    dsqrt.o(x$fpl$dsqrt) refers to dcheck1.o(x$fpl$dcheck1) for __fpl_dcheck_NaN1
    retnan.o(x$fpl$retnan) refers (Special) to usenofp.o(x$fpl$usenofp) for __I$use$fp
    retnan.o(x$fpl$retnan) refers to trapv.o(x$fpl$trapveneer) for __fpl_cmpreturn
    trapv.o(x$fpl$trapveneer) refers (Special) to usenofp.o(x$fpl$usenofp) for __I$use$fp
    libspace.o(.text) refers to libspace.o(.bss) for __libspace_start
    sys_stackheap_outer.o(.text) refers to libspace.o(.text) for __user_perproc_libspace
    sys_stackheap_outer.o(.text) refers to aduc702x.o(.text) for __user_initial_stackheap
    exit.o(.text) refers to rtexit.o(.ARM.Collect$$rtexit$$00000000) for __rt_exit
    defsig_fpe_outer.o(.text) refers to defsig_fpe_inner.o(.text) for __rt_SIGFPE_inner
    defsig_fpe_outer.o(.text) refers to defsig_exit.o(.text) for __sig_exit
    defsig_fpe_formal.o(.text) refers to rt_raise.o(.text) for __rt_raise
    libinit.o(.ARM.Collect$$libinit$$00000000) refers (Special) to libinit2.o(.ARM.Collect$$libinit$$0000002A) for __rt_lib_init_alloca_1
    libinit.o(.ARM.Collect$$libinit$$00000000) refers (Special) to libinit2.o(.ARM.Collect$$libinit$$00000028) for __rt_lib_init_argv_1
    libinit.o(.ARM.Collect$$libinit$$00000000) refers (Special) to libinit2.o(.ARM.Collect$$libinit$$00000017) for __rt_lib_init_atexit_1
    libinit.o(.ARM.Collect$$libinit$$00000000) refers (Special) to libinit2.o(.ARM.Collect$$libinit$$0000001D) for __rt_lib_init_clock_1
    libinit.o(.ARM.Collect$$libinit$$00000000) refers (Special) to libinit2.o(.ARM.Collect$$libinit$$0000002E) for __rt_lib_init_cpp_1
    libinit.o(.ARM.Collect$$libinit$$00000000) refers (Special) to libinit2.o(.ARM.Collect$$libinit$$0000002C) for __rt_lib_init_exceptions_1
    libinit.o(.ARM.Collect$$libinit$$00000000) refers (Special) to libinit2.o(.ARM.Collect$$libinit$$0000001B) for __rt_lib_init_fp_trap_1
    libinit.o(.ARM.Collect$$libinit$$00000000) refers (Special) to libinit2.o(.ARM.Collect$$libinit$$0000001F) for __rt_lib_init_getenv_1
    libinit.o(.ARM.Collect$$libinit$$00000000) refers (Special) to libinit2.o(.ARM.Collect$$libinit$$00000006) for __rt_lib_init_heap_1
    libinit.o(.ARM.Collect$$libinit$$00000000) refers (Special) to libinit2.o(.ARM.Collect$$libinit$$0000000D) for __rt_lib_init_lc_collate_1
    libinit.o(.ARM.Collect$$libinit$$00000000) refers (Special) to libinit2.o(.ARM.Collect$$libinit$$0000000F) for __rt_lib_init_lc_ctype_1
    libinit.o(.ARM.Collect$$libinit$$00000000) refers (Special) to libinit2.o(.ARM.Collect$$libinit$$00000011) for __rt_lib_init_lc_monetary_1
    libinit.o(.ARM.Collect$$libinit$$00000000) refers (Special) to libinit2.o(.ARM.Collect$$libinit$$00000013) for __rt_lib_init_lc_numeric_1
    libinit.o(.ARM.Collect$$libinit$$00000000) refers (Special) to libinit2.o(.ARM.Collect$$libinit$$00000015) for __rt_lib_init_lc_time_1
    libinit.o(.ARM.Collect$$libinit$$00000000) refers (Special) to libinit2.o(.ARM.Collect$$libinit$$0000000A) for __rt_lib_init_rand_1
    libinit.o(.ARM.Collect$$libinit$$00000000) refers (Special) to libinit2.o(.ARM.Collect$$libinit$$0000002F) for __rt_lib_init_return
    libinit.o(.ARM.Collect$$libinit$$00000000) refers (Special) to libinit2.o(.ARM.Collect$$libinit$$00000019) for __rt_lib_init_signal_1
    libinit.o(.ARM.Collect$$libinit$$00000000) refers (Special) to libinit2.o(.ARM.Collect$$libinit$$00000021) for __rt_lib_init_stdio_1
    libinit.o(.ARM.Collect$$libinit$$00000000) refers (Special) to libinit2.o(.ARM.Collect$$libinit$$00000008) for __rt_lib_init_user_alloc_1
    libinit.o(.ARM.Collect$$libinit$$00000000) refers to fpinit.o(x$fpl$fpinit) for _fp_init
    rtexit.o(.ARM.Collect$$rtexit$$00000000) refers (Special) to rtexit2.o(.ARM.Collect$$rtexit$$00000004) for __rt_exit_exit
    rtexit.o(.ARM.Collect$$rtexit$$00000000) refers (Special) to rtexit2.o(.ARM.Collect$$rtexit$$00000003) for __rt_exit_ls
    rtexit.o(.ARM.Collect$$rtexit$$00000000) refers (Special) to rtexit2.o(.ARM.Collect$$rtexit$$00000002) for __rt_exit_prels_1
    rtexit.o(.ARM.exidx) refers (Special) to rtexit2.o(.ARM.Collect$$rtexit$$00000004) for __rt_exit_exit
    rtexit.o(.ARM.exidx) refers (Special) to rtexit2.o(.ARM.Collect$$rtexit$$00000003) for __rt_exit_ls
    rtexit.o(.ARM.exidx) refers (Special) to rtexit2.o(.ARM.Collect$$rtexit$$00000002) for __rt_exit_prels_1
    rtexit.o(.ARM.exidx) refers to rtexit.o(.ARM.Collect$$rtexit$$00000000) for .ARM.Collect$$rtexit$$00000000
    rt_raise.o(.text) refers to __raise.o(.text) for __raise
    rt_raise.o(.text) refers to retarget.o(.text) for _sys_exit
    defsig_exit.o(.text) refers to retarget.o(.text) for _sys_exit
    defsig_fpe_inner.o(.text) refers to defsig_general.o(.text) for __default_signal_display
    libinit2.o(.ARM.Collect$$libinit$$0000000C) refers to libinit2.o(.ARM.Collect$$libinit$$0000000B) for .ARM.Collect$$libinit$$0000000B
    libinit2.o(.ARM.Collect$$libinit$$0000000E) refers to libinit2.o(.ARM.Collect$$libinit$$0000000B) for .ARM.Collect$$libinit$$0000000B
    libinit2.o(.ARM.Collect$$libinit$$00000010) refers to libinit2.o(.ARM.Collect$$libinit$$0000000B) for .ARM.Collect$$libinit$$0000000B
    libinit2.o(.ARM.Collect$$libinit$$00000012) refers to libinit2.o(.ARM.Collect$$libinit$$0000000B) for .ARM.Collect$$libinit$$0000000B
    libinit2.o(.ARM.Collect$$libinit$$00000014) refers to libinit2.o(.ARM.Collect$$libinit$$0000000B) for .ARM.Collect$$libinit$$0000000B
    libinit2.o(.ARM.Collect$$libinit$$00000022) refers to argv_veneer.o(.emb_text) for __ARM_argv_veneer
    libinit2.o(.ARM.Collect$$libinit$$00000023) refers to argv_veneer.o(.emb_text) for __ARM_argv_veneer
    rtexit2.o(.ARM.Collect$$rtexit$$00000003) refers to libshutdown.o(.ARM.Collect$$libshutdown$$00000000) for __rt_lib_shutdown
    rtexit2.o(.ARM.Collect$$rtexit$$00000004) refers to retarget.o(.text) for _sys_exit
    rtexit2.o(.ARM.exidx) refers to rtexit2.o(.ARM.Collect$$rtexit$$00000001) for .ARM.Collect$$rtexit$$00000001
    rtexit2.o(.ARM.exidx) refers to rtexit2.o(.ARM.Collect$$rtexit$$00000002) for .ARM.Collect$$rtexit$$00000002
    rtexit2.o(.ARM.exidx) refers to rtexit2.o(.ARM.Collect$$rtexit$$00000003) for .ARM.Collect$$rtexit$$00000003
    rtexit2.o(.ARM.exidx) refers to rtexit2.o(.ARM.Collect$$rtexit$$00000004) for .ARM.Collect$$rtexit$$00000004
    __raise.o(.text) refers to defsig.o(CL$$defsig) for __default_signal_handler
    __raise.o(.text) refers to __raise.o(i.__ARM_common_call_via_r2) for __ARM_common_call_via_r2
    defsig_general.o(.text) refers to sys_wrch.o(.text) for _ttywrch
    argv_veneer.o(.emb_text) refers to no_argv.o(.text) for __ARM_get_argv
    sys_wrch.o(.text) refers (Special) to use_no_semi.o(.text) for __I$use$semihosting
    defsig.o(CL$$defsig) refers to defsig_fpe_inner.o(.text) for __rt_SIGFPE_inner
    defsig.o(CL$$defsig) refers to defsig_rtmem_inner.o(.text) for __rt_SIGRTMEM_inner
    _get_argv_nomalloc.o(.text) refers (Special) to hrguard.o(.text) for __heap_region$guard
    _get_argv_nomalloc.o(.text) refers to defsig_rtmem_outer.o(.text) for __rt_SIGRTMEM
    _get_argv_nomalloc.o(.text) refers to sys_command.o(.text) for _sys_command_string
    libshutdown.o(.ARM.Collect$$libshutdown$$00000000) refers (Special) to libshutdown2.o(.ARM.Collect$$libshutdown$$00000006) for __rt_lib_shutdown_fp_trap_1
    libshutdown.o(.ARM.Collect$$libshutdown$$00000000) refers (Special) to libshutdown2.o(.ARM.Collect$$libshutdown$$0000000E) for __rt_lib_shutdown_heap_1
    libshutdown.o(.ARM.Collect$$libshutdown$$00000000) refers (Special) to libshutdown2.o(.ARM.Collect$$libshutdown$$0000000F) for __rt_lib_shutdown_return
    libshutdown.o(.ARM.Collect$$libshutdown$$00000000) refers (Special) to libshutdown2.o(.ARM.Collect$$libshutdown$$00000009) for __rt_lib_shutdown_signal_1
    libshutdown.o(.ARM.Collect$$libshutdown$$00000000) refers (Special) to libshutdown2.o(.ARM.Collect$$libshutdown$$00000003) for __rt_lib_shutdown_stdio_1
    libshutdown.o(.ARM.Collect$$libshutdown$$00000000) refers (Special) to libshutdown2.o(.ARM.Collect$$libshutdown$$0000000B) for __rt_lib_shutdown_user_alloc_1
    sys_command.o(.text) refers (Special) to use_no_semi.o(.text) for __I$use$semihosting
    defsig_abrt_inner.o(.text) refers to defsig_general.o(.text) for __default_signal_display
    defsig_rtred_inner.o(.text) refers to defsig_general.o(.text) for __default_signal_display
    defsig_rtmem_inner.o(.text) refers to defsig_general.o(.text) for __default_signal_display
    defsig_rtmem_outer.o(.text) refers to defsig_rtmem_inner.o(.text) for __rt_SIGRTMEM_inner
    defsig_rtmem_outer.o(.text) refers to defsig_exit.o(.text) for __sig_exit
    defsig_rtmem_formal.o(.text) refers to rt_raise.o(.text) for __rt_raise
    defsig_stak_inner.o(.text) refers to defsig_general.o(.text) for __default_signal_display
    defsig_pvfn_inner.o(.text) refers to defsig_general.o(.text) for __default_signal_display
    defsig_cppl_inner.o(.text) refers to defsig_general.o(.text) for __default_signal_display
    defsig_segv_inner.o(.text) refers to defsig_general.o(.text) for __default_signal_display
    defsig_other.o(.text) refers to defsig_general.o(.text) for __default_signal_display
    pow.o(i.copysign) refers (Special) to usenofp.o(x$fpl$usenofp) for __I$use$fp


==============================================================================

Removing Unused input sections from the image.

    Removing cepstrum.o(.text), (144 bytes).
    Removing comparefunctions.o(.text), (116 bytes).
    Removing process.o(.text), (468 bytes).

3 unused section(s) (total 728 bytes) removed from the image.

==============================================================================

Adding Veneers to the image

    Adding AT veneer (8 bytes, Inline) for call to '__rt_lib_init' from rtentry2.o(.ARM.Collect$$rtentry$$0000000A).
    Adding AT veneer (8 bytes, Inline) for call to '__rt_lib_shutdown' from rtexit2.o(.ARM.Collect$$rtexit$$00000003).
    Adding TA veneer (4 bytes, Inline) for call to '__rt_exit' from exit.o(.text).
    Adding AT veneer (8 bytes, Inline) for call to '_sys_exit' from rtexit2.o(.ARM.Collect$$rtexit$$00000004).
    Adding TA veneer (4 bytes, Inline) for call to '__aeabi_idivmod' from fft.o(.text).
    Adding AT veneer (8 bytes, Inline) for call to '__set_errno' from cos.o(i.cos).
    Adding TA veneer (4 bytes, Inline) for call to '__aeabi_errno_addr' from _rserrno.o(.text).
    Adding TA veneer (4 bytes, Inline) for call to 'atan' from fft.o(.text).
    Adding TA veneer (4 bytes, Inline) for call to 'cos' from fft.o(.text).
    Adding TA veneer (4 bytes, Inline) for call to 'pow' from fft.o(.text).
    Adding TA veneer (4 bytes, Inline) for call to 'sin' from fft.o(.text).
    Adding TA veneer (4 bytes, Inline) for call to 'sqrtf' from fft.o(.text).
    Adding TA veneer (4 bytes, Inline) for call to '__aeabi_d2f' from fft.o(.text).
    Adding TA veneer (4 bytes, Inline) for call to '__aeabi_ddiv' from fft.o(.text).
    Adding TA veneer (4 bytes, Inline) for call to '__aeabi_d2iz' from fft.o(.text).
    Adding TA veneer (4 bytes, Inline) for call to '__aeabi_i2d' from fft.o(.text).
    Adding TA veneer (4 bytes, Inline) for call to '__aeabi_dmul' from fft.o(.text).
    Adding TA veneer (4 bytes, Inline) for call to '__aeabi_cdrcmple' from controlmodule.o(.text).
    Adding TA veneer (4 bytes, Inline) for call to '__aeabi_drsub' from window.o(.text).
    Adding TA veneer (4 bytes, Inline) for call to '__aeabi_f2d' from controlmodule.o(.text).
    Adding TA veneer (4 bytes, Inline) for call to '__aeabi_fadd' from fft.o(.text).
    Adding TA veneer (4 bytes, Inline) for call to '__aeabi_fdiv' from controlmodule.o(.text).
    Adding TA veneer (4 bytes, Inline) for call to '__aeabi_cfcmpeq' from controlmodule.o(.text).
    Adding TA veneer (4 bytes, Inline) for call to '__aeabi_f2iz' from controlmodule.o(.text).
    Adding TA veneer (4 bytes, Inline) for call to '__aeabi_i2f' from controlmodule.o(.text).
    Adding TA veneer (4 bytes, Inline) for call to '__aeabi_cfcmple' from fft.o(.text).
    Adding TA veneer (4 bytes, Inline) for call to '__aeabi_fmul' from fft.o(.text).
    Adding TA veneer (4 bytes, Inline) for call to '_fp_init' from libinit.o(.ARM.Collect$$libinit$$00000000).
    Adding TA veneer (4 bytes, Inline) for call to '__aeabi_frsub' from fft.o(.text).
    Adding TA veneer (4 bytes, Inline) for call to '__aeabi_fsub' from controlmodule.o(.text).

30 Veneer(s) (total 136 bytes) added to the image.

==============================================================================

Image Symbol Table

    Local Symbols

    Symbol Name                              Value     Ov Type        Size  Object(Section)

    ../../angel/boardlib.s                   0x00000000   Number         0  boardshut.o ABSOLUTE
    ../../angel/boardlib.s                   0x00000000   Number         0  boardinit3.o ABSOLUTE
    ../../angel/boardlib.s                   0x00000000   Number         0  boardinit2.o ABSOLUTE
    ../../angel/boardlib.s                   0x00000000   Number         0  boardinit1.o ABSOLUTE
    ../../angel/handlers.s                   0x00000000   Number         0  __scatter_zi.o ABSOLUTE
    ../../angel/handlers.s                   0x00000000   Number         0  __scatter_copy.o ABSOLUTE
    ../../angel/kernel.s                     0x00000000   Number         0  rtentry2.o ABSOLUTE
    ../../angel/kernel.s                     0x00000000   Number         0  rtexit2.o ABSOLUTE
    ../../angel/kernel.s                     0x00000000   Number         0  rtexit.o ABSOLUTE
    ../../angel/kernel.s                     0x00000000   Number         0  rtentry4.o ABSOLUTE
    ../../angel/kernel.s                     0x00000000   Number         0  rtentry.o ABSOLUTE
    ../../angel/rt.s                         0x00000000   Number         0  rt_div0.o ABSOLUTE
    ../../angel/rt.s                         0x00000000   Number         0  aeabi_idiv0_sigfpe.o ABSOLUTE
    ../../angel/rt.s                         0x00000000   Number         0  rt_raise.o ABSOLUTE
    ../../angel/rt.s                         0x00000000   Number         0  rt_errno_addr_intlibspace.o ABSOLUTE
    ../../angel/rt.s                         0x00000000   Number         0  aeabi_idiv0.o ABSOLUTE
    ../../angel/rt.s                         0x00000000   Number         0  rt_errno_addr.o ABSOLUTE
    ../../angel/scatter.s                    0x00000000   Number         0  __scatter.o ABSOLUTE
    ../../angel/startup.s                    0x00000000   Number         0  __main.o ABSOLUTE
    ../../angel/sys.s                        0x00000000   Number         0  use_no_semi.o ABSOLUTE
    ../../angel/sys.s                        0x00000000   Number         0  libspace.o ABSOLUTE
    ../../angel/sys.s                        0x00000000   Number         0  sys_stackheap_outer.o ABSOLUTE
    ../../angel/sysapp.c                     0x00000000   Number         0  sys_wrch.o ABSOLUTE
    ../../angel/sysapp.c                     0x00000000   Number         0  sys_command.o ABSOLUTE
    ../../armsys.c                           0x00000000   Number         0  _get_argv_nomalloc.o ABSOLUTE
    ../../armsys.c                           0x00000000   Number         0  no_argv.o ABSOLUTE
    ../../armsys.c                           0x00000000   Number         0  argv_veneer.o ABSOLUTE
    ../../armsys.c                           0x00000000   Number         0  argv_veneer.o ABSOLUTE
    ../../atan.c                             0x00000000   Number         0  atan.o ABSOLUTE
    ../../cos.c                              0x00000000   Number         0  cos.o ABSOLUTE
    ../../cos_i.c                            0x00000000   Number         0  cos_i.o ABSOLUTE
    ../../d2f.s                              0x00000000   Number         0  d2f.o ABSOLUTE
    ../../daddsub.s                          0x00000000   Number         0  daddsub_noclz.o ABSOLUTE
    ../../dcheck.s                           0x00000000   Number         0  dcheck.o ABSOLUTE
    ../../dcheck1.s                          0x00000000   Number         0  dcheck1.o ABSOLUTE
    ../../dcmpin.s                           0x00000000   Number         0  dcmpin.o ABSOLUTE
    ../../ddiv.s                             0x00000000   Number         0  ddiv.o ABSOLUTE
    ../../deqf.s                             0x00000000   Number         0  deqf.o ABSOLUTE
    ../../dfix.s                             0x00000000   Number         0  dfix.o ABSOLUTE
    ../../dflt.s                             0x00000000   Number         0  dflt_noclz.o ABSOLUTE
    ../../division.s                         0x00000000   Number         0  aeabi_sdiv.o ABSOLUTE
    ../../division.s                         0x00000000   Number         0  aeabi_sdiv_div0.o ABSOLUTE
    ../../divrt.s                            0x00000000   Number         0  divrt_7tdmi_div0.o ABSOLUTE
    ../../divrt.s                            0x00000000   Number         0  divrt_7tdmi.o ABSOLUTE
    ../../dleqf.s                            0x00000000   Number         0  dleqf.o ABSOLUTE
    ../../dmul.s                             0x00000000   Number         0  dmul.o ABSOLUTE
    ../../drem.s                             0x00000000   Number         0  drem_noclz.o ABSOLUTE
    ../../drleqf.s                           0x00000000   Number         0  drleqf.o ABSOLUTE
    ../../dsqrt.s                            0x00000000   Number         0  dsqrt.o ABSOLUTE
    ../../dunder.s                           0x00000000   Number         0  dunder.o ABSOLUTE
    ../../f2d.s                              0x00000000   Number         0  f2d.o ABSOLUTE
    ../../faddsub.s                          0x00000000   Number         0  faddsub_noclz.o ABSOLUTE
    ../../fcheck.s                           0x00000000   Number         0  fcheck.o ABSOLUTE
    ../../fcheck1.s                          0x00000000   Number         0  fcheck1.o ABSOLUTE
    ../../fcmpin.s                           0x00000000   Number         0  fcmpin.o ABSOLUTE
    ../../fdiv.s                             0x00000000   Number         0  fdiv.o ABSOLUTE
    ../../fenv.c                             0x00000000   Number         0  _rserrno.o ABSOLUTE
    ../../feqf.s                             0x00000000   Number         0  feqf.o ABSOLUTE
    ../../ffix.s                             0x00000000   Number         0  ffix.o ABSOLUTE
    ../../fflt.s                             0x00000000   Number         0  fflt_noclz.o ABSOLUTE
    ../../fleqf.s                            0x00000000   Number         0  fleqf.o ABSOLUTE
    ../../fmul.s                             0x00000000   Number         0  fmul.o ABSOLUTE
    ../../fnorm2.s                           0x00000000   Number         0  fnorm2_noclz.o ABSOLUTE
    ../../fpinit.s                           0x00000000   Number         0  fpinit.o ABSOLUTE
    ../../frleqf.s                           0x00000000   Number         0  frleqf.o ABSOLUTE
    ../../fsqrt.s                            0x00000000   Number         0  fsqrt.o ABSOLUTE
    ../../funder.s                           0x00000000   Number         0  funder.o ABSOLUTE
    ../../heapalloc.c                        0x00000000   Number         0  hrguard.o ABSOLUTE
    ../../heapaux.c                          0x00000000   Number         0  heapauxi.o ABSOLUTE
    ../../libinit.s                          0x00000000   Number         0  libinit.o ABSOLUTE
    ../../libinit.s                          0x00000000   Number         0  libshutdown2.o ABSOLUTE
    ../../libinit.s                          0x00000000   Number         0  libinit2.o ABSOLUTE
    ../../libinit.s                          0x00000000   Number         0  libshutdown.o ABSOLUTE
    ../../log.c                              0x00000000   Number         0  log.o ABSOLUTE
    ../../poly.c                             0x00000000   Number         0  poly.o ABSOLUTE
    ../../pow.c                              0x00000000   Number         0  pow.o ABSOLUTE
    ../../qnan.c                             0x00000000   Number         0  qnan.o ABSOLUTE
    ../../retnan.s                           0x00000000   Number         0  retnan.o ABSOLUTE
    ../../rred.c                             0x00000000   Number         0  rred.o ABSOLUTE
    ../../scalbn.s                           0x00000000   Number         0  scalbn.o ABSOLUTE
    ../../signal.c                           0x00000000   Number         0  defsig_cppl_inner.o ABSOLUTE
    ../../signal.c                           0x00000000   Number         0  defsig_pvfn_inner.o ABSOLUTE
    ../../signal.c                           0x00000000   Number         0  defsig_stak_inner.o ABSOLUTE
    ../../signal.c                           0x00000000   Number         0  defsig_rtmem_formal.o ABSOLUTE
    ../../signal.c                           0x00000000   Number         0  defsig_rtmem_inner.o ABSOLUTE
    ../../signal.c                           0x00000000   Number         0  defsig_rtred_inner.o ABSOLUTE
    ../../signal.c                           0x00000000   Number         0  defsig_fpe_formal.o ABSOLUTE
    ../../signal.c                           0x00000000   Number         0  defsig_abrt_inner.o ABSOLUTE
    ../../signal.c                           0x00000000   Number         0  defsig_fpe_inner.o ABSOLUTE
    ../../signal.c                           0x00000000   Number         0  __raise.o ABSOLUTE
    ../../signal.c                           0x00000000   Number         0  defsig_rtmem_outer.o ABSOLUTE
    ../../signal.c                           0x00000000   Number         0  defsig_general.o ABSOLUTE
    ../../signal.c                           0x00000000   Number         0  defsig_segv_inner.o ABSOLUTE
    ../../signal.c                           0x00000000   Number         0  defsig_other.o ABSOLUTE
    ../../signal.c                           0x00000000   Number         0  defsig_exit.o ABSOLUTE
    ../../signal.c                           0x00000000   Number         0  defsig_fpe_outer.o ABSOLUTE
    ../../signal.s                           0x00000000   Number         0  defsig.o ABSOLUTE
    ../../sin.c                              0x00000000   Number         0  sin.o ABSOLUTE
    ../../sin_i.c                            0x00000000   Number         0  sin_i.o ABSOLUTE
    ../../sqrt.c                             0x00000000   Number         0  sqrt.o ABSOLUTE
    ../../sqrtf.c                            0x00000000   Number         0  sqrtf.o ABSOLUTE
    ../../stdlib.c                           0x00000000   Number         0  exit.o ABSOLUTE
    ../../trapv.s                            0x00000000   Number         0  trapv.o ABSOLUTE
    ../../usenofp.s                          0x00000000   Number         0  usenofp.o ABSOLUTE
    ADuC702x.s                               0x00000000   Number         0  aduc702x.o ABSOLUTE
    Cepstrum.c                               0x00000000   Number         0  cepstrum.o ABSOLUTE
    Comparefunctions.c                       0x00000000   Number         0  comparefunctions.o ABSOLUTE
    Controlmodule.c                          0x00000000   Number         0  controlmodule.o ABSOLUTE
    FFT.c                                    0x00000000   Number         0  fft.o ABSOLUTE
    Initializations.c                        0x00000000   Number         0  initializations.o ABSOLUTE
    Process.c                                0x00000000   Number         0  process.o ABSOLUTE
    Processmodule.c                          0x00000000   Number         0  processmodule.o ABSOLUTE
    Retarget.c                               0x00000000   Number         0  retarget.o ABSOLUTE
    Rms.c                                    0x00000000   Number         0  rms.o ABSOLUTE
    System.c                                 0x00000000   Number         0  system.o ABSOLUTE
    Variablechannel-v14.c                    0x00000000   Number         0  variablechannel-v14.o ABSOLUTE
    Window.c                                 0x00000000   Number         0  window.o ABSOLUTE
    dc.s                                     0x00000000   Number         0  dc.o ABSOLUTE
    .data                                    0x00010000   Section       20  fft.o(.data)
    counter                                  0x00010000   Data           4  fft.o(.data)
    Mf                                       0x00010004   Data           4  fft.o(.data)
    Hf                                       0x00010008   Data           4  fft.o(.data)
    bf                                       0x0001000c   Data           4  fft.o(.data)
    Sf                                       0x00010010   Data           4  fft.o(.data)
    .data                                    0x00010014   Section       32  variablechannel-v14.o(.data)
    .bss                                     0x00010034   Section     1552  fft.o(.bss)
    Y                                        0x00010034   Data        1536  fft.o(.bss)
    W                                        0x00010634   Data          16  fft.o(.bss)
    .bss                                     0x00010644   Section     4108  variablechannel-v14.o(.bss)
    .bss                                     0x00011650   Section       96  libspace.o(.bss)
    HEAP                                     0x000116b0   Section        0  aduc702x.o(HEAP)
    STACK                                    0x000116b0   Section     1664  aduc702x.o(STACK)
    Heap_Mem                                 0x000116b0   Data           0  aduc702x.o(HEAP)
    Stack_Mem                                0x000116b0   Data        1024  aduc702x.o(STACK)
    Stack_Top                                0x00011d30   Data           0  aduc702x.o(STACK)
    RESET                                    0x00080000   Section      188  aduc702x.o(RESET)
    !!!main                                  0x000800bc   Section        8  __main.o(!!!main)
    !!!scatter                               0x000800c4   Section       60  __scatter.o(!!!scatter)
    !!handler_copy                           0x00080100   Section       40  __scatter_copy.o(!!handler_copy)
    !!handler_zi                             0x00080128   Section       44  __scatter_zi.o(!!handler_zi)
    .ARM.Collect$$libinit$$00000000          0x0008015c   Section        6  libinit.o(.ARM.Collect$$libinit$$00000000)
    .ARM.Collect$$libinit$$00000006          0x00080162   Section        0  libinit2.o(.ARM.Collect$$libinit$$00000006)
    .ARM.Collect$$libinit$$00000008          0x00080162   Section        0  libinit2.o(.ARM.Collect$$libinit$$00000008)
    .ARM.Collect$$libinit$$0000000A          0x00080162   Section        0  libinit2.o(.ARM.Collect$$libinit$$0000000A)
    .ARM.Collect$$libinit$$0000000D          0x00080162   Section        0  libinit2.o(.ARM.Collect$$libinit$$0000000D)
    .ARM.Collect$$libinit$$0000000F          0x00080162   Section        0  libinit2.o(.ARM.Collect$$libinit$$0000000F)
    .ARM.Collect$$libinit$$00000011          0x00080162   Section        0  libinit2.o(.ARM.Collect$$libinit$$00000011)
    .ARM.Collect$$libinit$$00000013          0x00080162   Section        0  libinit2.o(.ARM.Collect$$libinit$$00000013)
    .ARM.Collect$$libinit$$00000015          0x00080162   Section        0  libinit2.o(.ARM.Collect$$libinit$$00000015)
    .ARM.Collect$$libinit$$00000017          0x00080162   Section        0  libinit2.o(.ARM.Collect$$libinit$$00000017)
    .ARM.Collect$$libinit$$00000019          0x00080162   Section        0  libinit2.o(.ARM.Collect$$libinit$$00000019)
    .ARM.Collect$$libinit$$0000001B          0x00080162   Section        0  libinit2.o(.ARM.Collect$$libinit$$0000001B)
    .ARM.Collect$$libinit$$0000001D          0x00080162   Section        0  libinit2.o(.ARM.Collect$$libinit$$0000001D)
    .ARM.Collect$$libinit$$0000001F          0x00080162   Section        0  libinit2.o(.ARM.Collect$$libinit$$0000001F)
    .ARM.Collect$$libinit$$00000021          0x00080162   Section        0  libinit2.o(.ARM.Collect$$libinit$$00000021)
    .ARM.Collect$$libinit$$00000028          0x00080162   Section        0  libinit2.o(.ARM.Collect$$libinit$$00000028)
    .ARM.Collect$$libinit$$0000002A          0x00080162   Section        0  libinit2.o(.ARM.Collect$$libinit$$0000002A)
    .ARM.Collect$$libinit$$0000002C          0x00080162   Section        0  libinit2.o(.ARM.Collect$$libinit$$0000002C)
    .ARM.Collect$$libinit$$0000002E          0x00080162   Section        0  libinit2.o(.ARM.Collect$$libinit$$0000002E)
    .ARM.Collect$$libinit$$0000002F          0x00080162   Section       12  libinit2.o(.ARM.Collect$$libinit$$0000002F)
    .ARM.Collect$$libshutdown$$00000000      0x00080178   Section        4  libshutdown.o(.ARM.Collect$$libshutdown$$00000000)
    .ARM.Collect$$libshutdown$$00000003      0x0008017c   Section        0  libshutdown2.o(.ARM.Collect$$libshutdown$$00000003)
    .ARM.Collect$$libshutdown$$00000006      0x0008017c   Section        0  libshutdown2.o(.ARM.Collect$$libshutdown$$00000006)
    .ARM.Collect$$libshutdown$$00000009      0x0008017c   Section        0  libshutdown2.o(.ARM.Collect$$libshutdown$$00000009)
    .ARM.Collect$$libshutdown$$0000000B      0x0008017c   Section        0  libshutdown2.o(.ARM.Collect$$libshutdown$$0000000B)
    .ARM.Collect$$libshutdown$$0000000E      0x0008017c   Section        0  libshutdown2.o(.ARM.Collect$$libshutdown$$0000000E)
    .ARM.Collect$$libshutdown$$0000000F      0x0008017c   Section        6  libshutdown2.o(.ARM.Collect$$libshutdown$$0000000F)
    .ARM.Collect$$rtentry$$00000000          0x00080184   Section        0  rtentry.o(.ARM.Collect$$rtentry$$00000000)
    .ARM.Collect$$rtentry$$00000002          0x00080184   Section        0  rtentry2.o(.ARM.Collect$$rtentry$$00000002)
    .ARM.Collect$$rtentry$$00000004          0x00080184   Section        8  rtentry4.o(.ARM.Collect$$rtentry$$00000004)
    .ARM.Collect$$rtentry$$00000009          0x0008018c   Section        0  rtentry2.o(.ARM.Collect$$rtentry$$00000009)
    .ARM.Collect$$rtentry$$0000000A          0x0008018c   Section        4  rtentry2.o(.ARM.Collect$$rtentry$$0000000A)
    .ARM.Collect$$rtentry$$0000000C          0x00080190   Section        0  rtentry2.o(.ARM.Collect$$rtentry$$0000000C)
    .ARM.Collect$$rtentry$$0000000D          0x00080190   Section       40  rtentry2.o(.ARM.Collect$$rtentry$$0000000D)
    .ARM.Collect$$rtexit$$00000000           0x000801bc   Section        0  rtexit.o(.ARM.Collect$$rtexit$$00000000)
    .ARM.Collect$$rtexit$$00000002           0x000801bc   Section        0  rtexit2.o(.ARM.Collect$$rtexit$$00000002)
    .ARM.Collect$$rtexit$$00000003           0x000801bc   Section        4  rtexit2.o(.ARM.Collect$$rtexit$$00000003)
    .ARM.Collect$$rtexit$$00000004           0x000801c0   Section        4  rtexit2.o(.ARM.Collect$$rtexit$$00000004)
    .text                                    0x000801c4   Section       32  aduc702x.o(.text)
    .text                                    0x000801e4   Section      152  controlmodule.o(.text)
    .text                                    0x0008027c   Section     1740  fft.o(.text)
    .text                                    0x00080948   Section      580  initializations.o(.text)
    .text                                    0x00080b8c   Section      292  processmodule.o(.text)
    .text                                    0x00080cb8   Section        4  retarget.o(.text)
    .text                                    0x00080cbc   Section       84  rms.o(.text)
    .text                                    0x00080d10   Section      184  system.o(.text)
    .text                                    0x00080dc8   Section      284  variablechannel-v14.o(.text)
    .text                                    0x00080ee4   Section      224  variablechannel-v14.o(.text)
    .text                                    0x00080fc4   Section      164  window.o(.text)
    .text                                    0x00081068   Section        4  use_no_semi.o(.text)
    .text                                    0x00081070   Section      384  aeabi_sdiv.o(.text)
    __arm_div8                               0x0008109c   ARM Code       0  aeabi_sdiv.o(.text)
    __arm_div4                               0x000810cc   ARM Code       0  aeabi_sdiv.o(.text)
    __arm_div_large                          0x00081120   ARM Code       0  aeabi_sdiv.o(.text)
    .text                                    0x000811f0   Section        6  heapauxi.o(.text)
    .text                                    0x00081200   Section       26  _rserrno.o(.text)
    .text                                    0x00081220   Section       16  rt_errno_addr_intlibspace.o(.text)
    .text                                    0x00081230   Section       12  libspace.o(.text)
    .text                                    0x0008123c   Section       96  sys_stackheap_outer.o(.text)
    .text                                    0x0008129c   Section       12  exit.o(.text)
    .text_udiv                               0x000812a8   Section       28  aeabi_sdiv.o(.text_udiv)
    i.__ieee754_rem_pio2                     0x000812c4   Section     1196  rred.o(i.__ieee754_rem_pio2)
    i.__kernel_cos                           0x00081770   Section      400  cos_i.o(i.__kernel_cos)
    i.__kernel_poly                          0x00081900   Section      248  poly.o(i.__kernel_poly)
    i.__kernel_sin                           0x000819f8   Section      376  sin_i.o(i.__kernel_sin)
    i.atan                                   0x00081b74   Section      840  atan.o(i.atan)
    i.copysign                               0x00081ebc   Section       16  pow.o(i.copysign)
    i.cos                                    0x00081ed0   Section      236  cos.o(i.cos)
    i.pow                                    0x00081fc0   Section     3616  pow.o(i.pow)
    i.sin                                    0x00082de4   Section      252  sin.o(i.sin)
    i.sqrt                                   0x00082ee0   Section      120  sqrt.o(i.sqrt)
    i.sqrtf                                  0x00082f5c   Section       84  sqrtf.o(i.sqrtf)
    x$fpl$d2f                                0x00082fb4   Section      172  d2f.o(x$fpl$d2f)
    x$fpl$dadd                               0x00083060   Section      468  daddsub_noclz.o(x$fpl$dadd)
    _dadd1                                   0x00083070   ARM Code       0  daddsub_noclz.o(x$fpl$dadd)
    x$fpl$dcheck                             0x00083234   Section       16  dcheck.o(x$fpl$dcheck)
    x$fpl$dcheck1                            0x00083244   Section       16  dcheck1.o(x$fpl$dcheck1)
    x$fpl$dcmpinfnan                         0x00083254   Section      128  dcmpin.o(x$fpl$dcmpinfnan)
    x$fpl$dcmpinfnan                         0x000832d4   Section      100  fcmpin.o(x$fpl$dcmpinfnan)
    x$fpl$ddiv                               0x0008333c   Section     1116  ddiv.o(x$fpl$ddiv)
    ddiv_entry                               0x00083340   ARM Code       0  ddiv.o(x$fpl$ddiv)
    x$fpl$dfix                               0x0008379c   Section      176  dfix.o(x$fpl$dfix)
    x$fpl$dflt                               0x00083850   Section       88  dflt_noclz.o(x$fpl$dflt)
    x$fpl$dleqf                              0x000838a8   Section      136  dleqf.o(x$fpl$dleqf)
    x$fpl$dmul                               0x00083934   Section      476  dmul.o(x$fpl$dmul)
    x$fpl$drem                               0x00083b10   Section      508  drem_noclz.o(x$fpl$drem)
    x$fpl$drleqf                             0x00083d10   Section      160  drleqf.o(x$fpl$drleqf)
    x$fpl$drsb                               0x00083db4   Section       24  daddsub_noclz.o(x$fpl$drsb)
    x$fpl$dsqrt                              0x00083dcc   Section      392  dsqrt.o(x$fpl$dsqrt)
    x$fpl$dsub                               0x00083f54   Section      584  daddsub_noclz.o(x$fpl$dsub)
    _dsub1                                   0x00083f64   ARM Code       0  daddsub_noclz.o(x$fpl$dsub)
    x$fpl$dunder                             0x0008419c   Section      280  dunder.o(x$fpl$dunder)
    x$fpl$f2d                                0x000842b8   Section      100  f2d.o(x$fpl$f2d)
    x$fpl$fadd                               0x00084320   Section      264  faddsub_noclz.o(x$fpl$fadd)
    _fadd1                                   0x0008432c   ARM Code       0  faddsub_noclz.o(x$fpl$fadd)
    x$fpl$fcheck                             0x00084428   Section       12  fcheck.o(x$fpl$fcheck)
    x$fpl$fcheck1                            0x00084434   Section       12  fcheck1.o(x$fpl$fcheck1)
    x$fpl$fdiv                               0x00084444   Section      484  fdiv.o(x$fpl$fdiv)
    _fdiv1                                   0x00084444   ARM Code       0  fdiv.o(x$fpl$fdiv)
    x$fpl$feqf                               0x0008462c   Section      120  feqf.o(x$fpl$feqf)
    x$fpl$ffix                               0x000846a8   Section      116  ffix.o(x$fpl$ffix)
    x$fpl$fflt                               0x00084720   Section       92  fflt_noclz.o(x$fpl$fflt)
    x$fpl$fleqf                              0x00084780   Section      120  fleqf.o(x$fpl$fleqf)
    x$fpl$fmul                               0x000847fc   Section      264  fmul.o(x$fpl$fmul)
    x$fpl$fnorm2                             0x00084904   Section      148  fnorm2_noclz.o(x$fpl$fnorm2)
    x$fpl$fpinit                             0x0008499c   Section        4  fpinit.o(x$fpl$fpinit)
    x$fpl$frsb                               0x000849a4   Section       20  faddsub_noclz.o(x$fpl$frsb)
    x$fpl$fsqrt                              0x000849b8   Section      200  fsqrt.o(x$fpl$fsqrt)
    x$fpl$fsub                               0x00084a84   Section      360  faddsub_noclz.o(x$fpl$fsub)
    _fsub1                                   0x00084a90   ARM Code       0  faddsub_noclz.o(x$fpl$fsub)
    x$fpl$funder                             0x00084bec   Section      148  funder.o(x$fpl$funder)
    x$fpl$retnan                             0x00084c80   Section      116  retnan.o(x$fpl$retnan)
    x$fpl$scalbn                             0x00084cf4   Section      108  scalbn.o(x$fpl$scalbn)
    x$fpl$trapveneer                         0x00084d60   Section       60  trapv.o(x$fpl$trapveneer)
    x$fpl$usenofp                            0x00084d9c   Section        0  usenofp.o(x$fpl$usenofp)
    .constdata                               0x00084da0   Section      152  atan.o(.constdata)
    atanhi                                   0x00084da0   Data          32  atan.o(.constdata)
    atanlo                                   0x00084dc0   Data          32  atan.o(.constdata)
    aTodd                                    0x00084de0   Data          40  atan.o(.constdata)
    aTeven                                   0x00084e08   Data          48  atan.o(.constdata)
    .constdata                               0x00084e38   Section      136  pow.o(.constdata)
    bp                                       0x00084e38   Data          16  pow.o(.constdata)
    dp_h                                     0x00084e48   Data          16  pow.o(.constdata)
    dp_l                                     0x00084e58   Data          16  pow.o(.constdata)
    L                                        0x00084e68   Data          48  pow.o(.constdata)
    P                                        0x00084e98   Data          40  pow.o(.constdata)
    .constdata                               0x00084ec0   Section       48  cos_i.o(.constdata)
    C                                        0x00084ec0   Data          48  cos_i.o(.constdata)
    .constdata                               0x00084ef0   Section        8  qnan.o(.constdata)
    .constdata                               0x00084ef8   Section      192  rred.o(.constdata)
    reductions                               0x00084ef8   Data         144  rred.o(.constdata)
    pio2s                                    0x00084f88   Data          48  rred.o(.constdata)
    .constdata                               0x00084fb8   Section       40  sin_i.o(.constdata)
    S                                        0x00084fb8   Data          40  sin_i.o(.constdata)

    Global Symbols

    Symbol Name                              Value     Ov Type        Size  Object(Section)

    BuildAttributes$$THM_ISAv1$ARM_ISAv4$S$PE$A:L22$X:L11$S22$IEEE1$IW$USESV6$~STKCKD$USESV7$~SHL$OSPACE$ROPI$IEEEJ$EBA8$UX$STANDARDLIB$REQ8$PRES8$EABIv2 0x00000000   Number         0  anon$$obj.o ABSOLUTE
    __ARM_use_no_argv                        0x00000000   Number         0  variablechannel-v14.o ABSOLUTE
    __ARM_exceptions_init                     - Undefined Weak Reference
    __alloca_initialize                       - Undefined Weak Reference
    __cpp_initialize__aeabi_                  - Undefined Weak Reference
    __cxa_finalize                            - Undefined Weak Reference
    __fpl_infinity                            - Undefined Weak Reference
    __rt_locale                               - Undefined Weak Reference
    __sigvec_lookup                           - Undefined Weak Reference
    _atexit_init                              - Undefined Weak Reference
    _call_atexit_fns                          - Undefined Weak Reference
    _clock_init                               - Undefined Weak Reference
    _fp_trap_init                             - Undefined Weak Reference
    _fp_trap_shutdown                         - Undefined Weak Reference
    _get_lc_collate                           - Undefined Weak Reference
    _get_lc_ctype                             - Undefined Weak Reference
    _get_lc_monetary                          - Undefined Weak Reference
    _get_lc_numeric                           - Undefined Weak Reference
    _get_lc_time                              - Undefined Weak Reference
    _getenv_init                              - Undefined Weak Reference
    _handle_redirection                       - Undefined Weak Reference
    _init_alloc                               - Undefined Weak Reference
    _init_user_alloc                          - Undefined Weak Reference
    _initio                                   - Undefined Weak Reference
    _rand_init                                - Undefined Weak Reference
    _signal_finish                            - Undefined Weak Reference
    _signal_init                              - Undefined Weak Reference
    _terminate_alloc                          - Undefined Weak Reference
    _terminate_user_alloc                     - Undefined Weak Reference
    _terminateio                              - Undefined Weak Reference
    pos                                      0x00010014   Data           4  variablechannel-v14.o(.data)
    NA                                       0x00010018   Data           4  variablechannel-v14.o(.data)
    addup                                    0x0001001c   Data           4  variablechannel-v14.o(.data)
    countup                                  0x00010020   Data           4  variablechannel-v14.o(.data)
    Imd                                      0x00010024   Data           4  variablechannel-v14.o(.data)
    Imd2                                     0x00010028   Data           4  variablechannel-v14.o(.data)
    QFactor                                  0x0001002c   Data           4  variablechannel-v14.o(.data)
    QPhase                                   0x00010030   Data           4  variablechannel-v14.o(.data)
    FIR                                      0x00010644   Data          40  variablechannel-v14.o(.bss)
    Window                                   0x0001066c   Data          64  variablechannel-v14.o(.bss)
    Intermediate                             0x000106ac   Data          64  variablechannel-v14.o(.bss)
    PSD                                      0x000106ec   Data          64  variablechannel-v14.o(.bss)
    Scrambler                                0x0001072c   Data         128  variablechannel-v14.o(.bss)
    ScramblerImd                             0x000107ac   Data          64  variablechannel-v14.o(.bss)
    QMatrix                                  0x000107ec   Data         160  variablechannel-v14.o(.bss)
    Histogramma                              0x0001088c   Data          20  variablechannel-v14.o(.bss)
    Array                                    0x000108a0   Data        1312  variablechannel-v14.o(.bss)
    Ref                                      0x00010dc0   Data          16  variablechannel-v14.o(.bss)
    Buffers                                  0x00010dd0   Data        1024  variablechannel-v14.o(.bss)
    FFTInput                                 0x000111d0   Data         256  variablechannel-v14.o(.bss)
    FFTOutput                                0x000112d0   Data         256  variablechannel-v14.o(.bss)
    TwindleMatrix                            0x000113d0   Data         640  variablechannel-v14.o(.bss)
    __libspace_start                         0x00011650   Data          96  libspace.o(.bss)
    __temporary_stack_top$libspace           0x000116b0   Data           0  libspace.o(.bss)
    Reset_Handler                            0x00080040   ARM Code       0  aduc702x.o(RESET)
    __main                                   0x000800bc   ARM Code       8  __main.o(!!!main)
    __scatterload                            0x000800c4   ARM Code       0  __scatter.o(!!!scatter)
    __scatterload_rt2                        0x000800c4   ARM Code      52  __scatter.o(!!!scatter)
    __scatterload_null                       0x000800d8   ARM Code       0  __scatter.o(!!!scatter)
    __scatterload_copy                       0x00080100   ARM Code      40  __scatter_copy.o(!!handler_copy)
    __scatterload_zeroinit                   0x00080128   ARM Code      44  __scatter_zi.o(!!handler_zi)
    Inline ARM to Thumb Veneer to __rt_lib_init 0x00080154   ARM Code       8  libinit.o(.ARM.Collect$$libinit$$00000000)
    __rt_lib_init                            0x0008015d   Thumb Code     0  libinit.o(.ARM.Collect$$libinit$$00000000)
    __rt_lib_init_alloca_1                   0x00080163   Thumb Code     0  libinit2.o(.ARM.Collect$$libinit$$0000002A)
    __rt_lib_init_argv_1                     0x00080163   Thumb Code     0  libinit2.o(.ARM.Collect$$libinit$$00000028)
    __rt_lib_init_atexit_1                   0x00080163   Thumb Code     0  libinit2.o(.ARM.Collect$$libinit$$00000017)
    __rt_lib_init_clock_1                    0x00080163   Thumb Code     0  libinit2.o(.ARM.Collect$$libinit$$0000001D)
    __rt_lib_init_cpp_1                      0x00080163   Thumb Code     0  libinit2.o(.ARM.Collect$$libinit$$0000002E)
    __rt_lib_init_exceptions_1               0x00080163   Thumb Code     0  libinit2.o(.ARM.Collect$$libinit$$0000002C)
    __rt_lib_init_fp_trap_1                  0x00080163   Thumb Code     0  libinit2.o(.ARM.Collect$$libinit$$0000001B)
    __rt_lib_init_getenv_1                   0x00080163   Thumb Code     0  libinit2.o(.ARM.Collect$$libinit$$0000001F)
    __rt_lib_init_heap_1                     0x00080163   Thumb Code     0  libinit2.o(.ARM.Collect$$libinit$$00000006)
    __rt_lib_init_lc_collate_1               0x00080163   Thumb Code     0  libinit2.o(.ARM.Collect$$libinit$$0000000D)
    __rt_lib_init_lc_ctype_1                 0x00080163   Thumb Code     0  libinit2.o(.ARM.Collect$$libinit$$0000000F)
    __rt_lib_init_lc_monetary_1              0x00080163   Thumb Code     0  libinit2.o(.ARM.Collect$$libinit$$00000011)
    __rt_lib_init_lc_numeric_1               0x00080163   Thumb Code     0  libinit2.o(.ARM.Collect$$libinit$$00000013)
    __rt_lib_init_lc_time_1                  0x00080163   Thumb Code     0  libinit2.o(.ARM.Collect$$libinit$$00000015)
    __rt_lib_init_rand_1                     0x00080163   Thumb Code     0  libinit2.o(.ARM.Collect$$libinit$$0000000A)
    __rt_lib_init_return                     0x00080163   Thumb Code     0  libinit2.o(.ARM.Collect$$libinit$$0000002F)
    __rt_lib_init_signal_1                   0x00080163   Thumb Code     0  libinit2.o(.ARM.Collect$$libinit$$00000019)
    __rt_lib_init_stdio_1                    0x00080163   Thumb Code     0  libinit2.o(.ARM.Collect$$libinit$$00000021)
    __rt_lib_init_user_alloc_1               0x00080163   Thumb Code     0  libinit2.o(.ARM.Collect$$libinit$$00000008)
    Inline ARM to Thumb Veneer to __rt_lib_shutdown 0x00080170   ARM Code       8  libshutdown.o(.ARM.Collect$$libshutdown$$00000000)
    __rt_lib_shutdown                        0x00080179   Thumb Code     0  libshutdown.o(.ARM.Collect$$libshutdown$$00000000)
    __rt_lib_shutdown_fp_trap_1              0x0008017d   Thumb Code     0  libshutdown2.o(.ARM.Collect$$libshutdown$$00000006)
    __rt_lib_shutdown_heap_1                 0x0008017d   Thumb Code     0  libshutdown2.o(.ARM.Collect$$libshutdown$$0000000E)
    __rt_lib_shutdown_return                 0x0008017d   Thumb Code     0  libshutdown2.o(.ARM.Collect$$libshutdown$$0000000F)
    __rt_lib_shutdown_signal_1               0x0008017d   Thumb Code     0  libshutdown2.o(.ARM.Collect$$libshutdown$$00000009)
    __rt_lib_shutdown_stdio_1                0x0008017d   Thumb Code     0  libshutdown2.o(.ARM.Collect$$libshutdown$$00000003)
    __rt_lib_shutdown_user_alloc_1           0x0008017d   Thumb Code     0  libshutdown2.o(.ARM.Collect$$libshutdown$$0000000B)
    __rt_entry                               0x00080184   ARM Code       0  rtentry.o(.ARM.Collect$$rtentry$$00000000)
    __rt_entry_presh_1                       0x00080184   ARM Code       0  rtentry2.o(.ARM.Collect$$rtentry$$00000002)
    __rt_entry_sh                            0x00080184   ARM Code       0  rtentry4.o(.ARM.Collect$$rtentry$$00000004)
    __rt_entry_li                            0x0008018c   ARM Code       0  rtentry2.o(.ARM.Collect$$rtentry$$0000000A)
    __rt_entry_postsh_1                      0x0008018c   ARM Code       0  rtentry2.o(.ARM.Collect$$rtentry$$00000009)
    __rt_entry_main                          0x00080190   ARM Code       0  rtentry2.o(.ARM.Collect$$rtentry$$0000000D)
    __rt_entry_postli_1                      0x00080190   ARM Code       0  rtentry2.o(.ARM.Collect$$rtentry$$0000000C)
    Inline Thumb to ARM Veneer to __rt_exit  0x000801b9   Thumb Code     4  rtexit.o(.ARM.Collect$$rtexit$$00000000)
    __rt_exit                                0x000801bc   ARM Code       0  rtexit.o(.ARM.Collect$$rtexit$$00000000)
    __rt_exit_ls                             0x000801bc   ARM Code       0  rtexit2.o(.ARM.Collect$$rtexit$$00000003)
    __rt_exit_prels_1                        0x000801bc   ARM Code       0  rtexit2.o(.ARM.Collect$$rtexit$$00000002)
    __rt_exit_exit                           0x000801c0   ARM Code       0  rtexit2.o(.ARM.Collect$$rtexit$$00000004)
    __user_initial_stackheap                 0x000801c4   ARM Code       0  aduc702x.o(.text)
    control                                  0x000801e5   Thumb Code   130  controlmodule.o(.text)
    fftforward                               0x0008027d   Thumb Code  1080  fft.o(.text)
    WeightRealImag                           0x000806b5   Thumb Code   216  fft.o(.text)
    Scramblefunction                         0x0008078d   Thumb Code   174  fft.o(.text)
    fftinverse                               0x0008083b   Thumb Code   210  fft.o(.text)
    initmatrices                             0x00080949   Thumb Code    64  initializations.o(.text)
    initreferences                           0x00080989   Thumb Code    76  initializations.o(.text)
    initbuffer                               0x000809d5   Thumb Code    46  initializations.o(.text)
    initfilter                               0x00080a03   Thumb Code    42  initializations.o(.text)
    initScrambler                            0x00080a2d   Thumb Code    70  initializations.o(.text)
    initTwindleMatrix                        0x00080a73   Thumb Code   152  initializations.o(.text)
    initializations                          0x00080b0b   Thumb Code    36  initializations.o(.text)
    process                                  0x00080b8d   Thumb Code   274  processmodule.o(.text)
    Inline ARM to Thumb Veneer to _sys_exit  0x00080cb0   ARM Code       8  retarget.o(.text)
    _sys_exit                                0x00080cb9   Thumb Code     4  retarget.o(.text)
    signalpower                              0x00080cbd   Thumb Code    58  rms.o(.text)
    rms                                      0x00080cf7   Thumb Code    26  rms.o(.text)
    startCpu                                 0x00080d11   Thumb Code    16  system.o(.text)
    timerconfig                              0x00080d21   Thumb Code    14  system.o(.text)
    delay                                    0x00080d2f   Thumb Code    10  system.o(.text)
    initports                                0x00080d39   Thumb Code    26  system.o(.text)
    initmaskinterrupts                       0x00080d53   Thumb Code     8  system.o(.text)
    ADCpoweron                               0x00080d5b   Thumb Code    16  system.o(.text)
    ADCpowerdown                             0x00080d6b   Thumb Code     8  system.o(.text)
    ADCconfig                                0x00080d73   Thumb Code    30  system.o(.text)
    initsystem                               0x00080d91   Thumb Code    26  system.o(.text)
    Undef_Handler                            0x00080dc9   Thumb Code     2  variablechannel-v14.o(.text)
    SWI_Handler                              0x00080dcb   Thumb Code     2  variablechannel-v14.o(.text)
    PAbt_Handler                             0x00080dcd   Thumb Code     2  variablechannel-v14.o(.text)
    DAbt_Handler                             0x00080dcf   Thumb Code     2  variablechannel-v14.o(.text)
    FIQ_Handler                              0x00080dd1   Thumb Code     2  variablechannel-v14.o(.text)
    sortFIR                                  0x00080dd3   Thumb Code   228  variablechannel-v14.o(.text)
    main                                     0x00080eb7   Thumb Code    26  variablechannel-v14.o(.text)
    IRQ_Handler                              0x00080ee4   ARM Code     208  variablechannel-v14.o(.text)
    initwindow                               0x00080fc5   Thumb Code   118  window.o(.text)
    __I$use$semihosting                      0x00081068   ARM Code       0  use_no_semi.o(.text)
    __use_no_semihosting_swi                 0x00081068   ARM Code       4  use_no_semi.o(.text)
    Inline Thumb to ARM Veneer to __aeabi_idivmod 0x0008106d   Thumb Code     4  aeabi_sdiv.o(.text)
    __aeabi_idiv                             0x00081070   ARM Code       0  aeabi_sdiv.o(.text)
    __aeabi_idivmod                          0x00081070   ARM Code     384  aeabi_sdiv.o(.text)
    __use_two_region_memory                  0x000811f1   Thumb Code     2  heapauxi.o(.text)
    __rt_heap_escrow$2region                 0x000811f3   Thumb Code     2  heapauxi.o(.text)
    __rt_heap_expand$2region                 0x000811f5   Thumb Code     2  heapauxi.o(.text)
    Inline ARM to Thumb Veneer to __set_errno 0x000811f8   ARM Code       8  _rserrno.o(.text)
    __read_errno                             0x00081201   Thumb Code    14  _rserrno.o(.text)
    __set_errno                              0x0008120f   Thumb Code    12  _rserrno.o(.text)
    Inline Thumb to ARM Veneer to __aeabi_errno_addr 0x0008121d   Thumb Code     4  rt_errno_addr_intlibspace.o(.text)
    __aeabi_errno_addr                       0x00081220   ARM Code      16  rt_errno_addr_intlibspace.o(.text)
    __errno$intlibspace                      0x00081220   ARM Code       0  rt_errno_addr_intlibspace.o(.text)
    __rt_errno_addr$intlibspace              0x00081220   ARM Code       0  rt_errno_addr_intlibspace.o(.text)
    __user_libspace                          0x00081230   ARM Code      12  libspace.o(.text)
    __user_perproc_libspace                  0x00081230   ARM Code       0  libspace.o(.text)
    __user_perthread_libspace                0x00081230   ARM Code       0  libspace.o(.text)
    __user_setup_stackheap                   0x0008123c   ARM Code      96  sys_stackheap_outer.o(.text)
    exit                                     0x0008129d   Thumb Code    12  exit.o(.text)
    __aeabi_uidiv                            0x000812a8   ARM Code       0  aeabi_sdiv.o(.text_udiv)
    __aeabi_uidivmod                         0x000812a8   ARM Code      28  aeabi_sdiv.o(.text_udiv)
    __ieee754_rem_pio2                       0x000812c4   ARM Code    1172  rred.o(i.__ieee754_rem_pio2)
    __kernel_cos                             0x00081770   ARM Code     372  cos_i.o(i.__kernel_cos)
    __kernel_poly                            0x00081900   ARM Code     248  poly.o(i.__kernel_poly)
    __kernel_sin                             0x000819f8   ARM Code     364  sin_i.o(i.__kernel_sin)
    Inline Thumb to ARM Veneer to atan       0x00081b71   Thumb Code     4  atan.o(i.atan)
    atan                                     0x00081b74   ARM Code     840  atan.o(i.atan)
    copysign                                 0x00081ebc   ARM Code      16  pow.o(i.copysign)
    Inline Thumb to ARM Veneer to cos        0x00081ecd   Thumb Code     4  cos.o(i.cos)
    cos                                      0x00081ed0   ARM Code     212  cos.o(i.cos)
    Inline Thumb to ARM Veneer to pow        0x00081fbd   Thumb Code     4  pow.o(i.pow)
    pow                                      0x00081fc0   ARM Code    3604  pow.o(i.pow)
    Inline Thumb to ARM Veneer to sin        0x00082de1   Thumb Code     4  sin.o(i.sin)
    sin                                      0x00082de4   ARM Code     228  sin.o(i.sin)
    sqrt                                     0x00082ee0   ARM Code     100  sqrt.o(i.sqrt)
    Inline Thumb to ARM Veneer to sqrtf      0x00082f59   Thumb Code     4  sqrtf.o(i.sqrtf)
    sqrtf                                    0x00082f5c   ARM Code      76  sqrtf.o(i.sqrtf)
    Inline Thumb to ARM Veneer to __aeabi_d2f 0x00082fb1   Thumb Code     4  d2f.o(x$fpl$d2f)
    __aeabi_d2f                              0x00082fb4   ARM Code       0  d2f.o(x$fpl$d2f)
    _d2f                                     0x00082fb4   ARM Code     168  d2f.o(x$fpl$d2f)
    __fpl_inf_d2f                            0x00083054   ARM Code       0  d2f.o(x$fpl$d2f)
    __aeabi_dadd                             0x00083060   ARM Code       0  daddsub_noclz.o(x$fpl$dadd)
    _dadd                                    0x00083060   ARM Code     452  daddsub_noclz.o(x$fpl$dadd)
    __fpl_inf_dadd                           0x000831dc   ARM Code       0  daddsub_noclz.o(x$fpl$dadd)
    __fpl_dcheck_NaN2                        0x00083234   ARM Code      12  dcheck.o(x$fpl$dcheck)
    __fpl_dcheck_NaN1                        0x00083244   ARM Code      12  dcheck1.o(x$fpl$dcheck1)
    __fpl_dcmp_InfNaN                        0x00083254   ARM Code     128  dcmpin.o(x$fpl$dcmpinfnan)
    __fpl_inf_dcmp                           0x00083278   ARM Code       0  dcmpin.o(x$fpl$dcmpinfnan)
    __fpl_fcmp_InfNaN                        0x000832d4   ARM Code     100  fcmpin.o(x$fpl$dcmpinfnan)
    __fpl_inf_fcmp                           0x000832e8   ARM Code       0  fcmpin.o(x$fpl$dcmpinfnan)
    Inline Thumb to ARM Veneer to __aeabi_ddiv 0x00083339   Thumb Code     4  ddiv.o(x$fpl$ddiv)
    __aeabi_ddiv                             0x0008333c   ARM Code       0  ddiv.o(x$fpl$ddiv)
    _ddiv                                    0x0008333c   ARM Code     464  ddiv.o(x$fpl$ddiv)
    __fpl_inf_ddiv                           0x000834c8   ARM Code       0  ddiv.o(x$fpl$ddiv)
    _ddiv_mantissas                          0x0008350c   ARM Code     380  ddiv.o(x$fpl$ddiv)
    Inline Thumb to ARM Veneer to __aeabi_d2iz 0x00083799   Thumb Code     4  dfix.o(x$fpl$dfix)
    __aeabi_d2iz                             0x0008379c   ARM Code       0  dfix.o(x$fpl$dfix)
    _dfix                                    0x0008379c   ARM Code     172  dfix.o(x$fpl$dfix)
    __fpl_inf_dfix                           0x0008383c   ARM Code       0  dfix.o(x$fpl$dfix)
    Inline Thumb to ARM Veneer to __aeabi_i2d 0x0008384d   Thumb Code     4  dflt_noclz.o(x$fpl$dflt)
    __aeabi_i2d                              0x00083850   ARM Code       0  dflt_noclz.o(x$fpl$dflt)
    _dflt                                    0x00083850   ARM Code      88  dflt_noclz.o(x$fpl$dflt)
    __dflt_normalise                         0x00083860   ARM Code       0  dflt_noclz.o(x$fpl$dflt)
    __aeabi_cdcmple                          0x000838a8   ARM Code       0  dleqf.o(x$fpl$dleqf)
    _dcmple                                  0x000838a8   ARM Code     132  dleqf.o(x$fpl$dleqf)
    Inline Thumb to ARM Veneer to __aeabi_dmul 0x00083931   Thumb Code     4  dmul.o(x$fpl$dmul)
    __aeabi_dmul                             0x00083934   ARM Code       0  dmul.o(x$fpl$dmul)
    _dmul                                    0x00083934   ARM Code     460  dmul.o(x$fpl$dmul)
    __fpl_inf_dmul                           0x00083acc   ARM Code       0  dmul.o(x$fpl$dmul)
    _drem                                    0x00083b10   ARM Code     496  drem_noclz.o(x$fpl$drem)
    __fpl_inf_drem                           0x00083cc8   ARM Code       0  drem_noclz.o(x$fpl$drem)
    Inline Thumb to ARM Veneer to __aeabi_cdrcmple 0x00083d0d   Thumb Code     4  drleqf.o(x$fpl$drleqf)
    __aeabi_cdrcmple                         0x00083d10   ARM Code       0  drleqf.o(x$fpl$drleqf)
    _drcmple                                 0x00083d10   ARM Code     156  drleqf.o(x$fpl$drleqf)
    Inline Thumb to ARM Veneer to __aeabi_drsub 0x00083db1   Thumb Code     4  daddsub_noclz.o(x$fpl$drsb)
    __aeabi_drsub                            0x00083db4   ARM Code       0  daddsub_noclz.o(x$fpl$drsb)
    _drsb                                    0x00083db4   ARM Code      24  daddsub_noclz.o(x$fpl$drsb)
    _dsqrt                                   0x00083dcc   ARM Code     384  dsqrt.o(x$fpl$dsqrt)
    __fpl_inf_dsqrt                          0x00083f30   ARM Code       0  dsqrt.o(x$fpl$dsqrt)
    __aeabi_dsub                             0x00083f54   ARM Code       0  daddsub_noclz.o(x$fpl$dsub)
    _dsub                                    0x00083f54   ARM Code     572  daddsub_noclz.o(x$fpl$dsub)
    __fpl_inf_dsub                           0x00084148   ARM Code       0  daddsub_noclz.o(x$fpl$dsub)
    __dunder                                 0x0008419c   ARM Code     276  dunder.o(x$fpl$dunder)
    __dunder_d                               0x000842b0   ARM Code       4  dunder.o(x$fpl$dunder)
    Inline Thumb to ARM Veneer to __aeabi_f2d 0x000842b5   Thumb Code     4  f2d.o(x$fpl$f2d)
    __aeabi_f2d                              0x000842b8   ARM Code       0  f2d.o(x$fpl$f2d)
    _f2d                                     0x000842b8   ARM Code      96  f2d.o(x$fpl$f2d)
    __fpl_inf_f2d                            0x0008430c   ARM Code       0  f2d.o(x$fpl$f2d)
    Inline Thumb to ARM Veneer to __aeabi_fadd 0x0008431d   Thumb Code     4  faddsub_noclz.o(x$fpl$fadd)
    __aeabi_fadd                             0x00084320   ARM Code       0  faddsub_noclz.o(x$fpl$fadd)
    _fadd                                    0x00084320   ARM Code     260  faddsub_noclz.o(x$fpl$fadd)
    __fpl_inf_fadd                           0x000843fc   ARM Code       0  faddsub_noclz.o(x$fpl$fadd)
    __fpl_fcheck_NaN2                        0x00084428   ARM Code       8  fcheck.o(x$fpl$fcheck)
    __fpl_fcheck_NaN1                        0x00084434   ARM Code       8  fcheck1.o(x$fpl$fcheck1)
    Inline Thumb to ARM Veneer to __aeabi_fdiv 0x00084441   Thumb Code     4  fdiv.o(x$fpl$fdiv)
    __aeabi_fdiv                             0x00084444   ARM Code       0  fdiv.o(x$fpl$fdiv)
    _fdiv                                    0x00084444   ARM Code     476  fdiv.o(x$fpl$fdiv)
    __fpl_inf_fdiv                           0x000845e0   ARM Code       0  fdiv.o(x$fpl$fdiv)
    Inline Thumb to ARM Veneer to __aeabi_cfcmpeq 0x00084629   Thumb Code     4  feqf.o(x$fpl$feqf)
    __aeabi_cfcmpeq                          0x0008462c   ARM Code       0  feqf.o(x$fpl$feqf)
    _fcmpeq                                  0x0008462c   ARM Code     116  feqf.o(x$fpl$feqf)
    Inline Thumb to ARM Veneer to __aeabi_f2iz 0x000846a5   Thumb Code     4  ffix.o(x$fpl$ffix)
    __aeabi_f2iz                             0x000846a8   ARM Code       0  ffix.o(x$fpl$ffix)
    _ffix                                    0x000846a8   ARM Code     112  ffix.o(x$fpl$ffix)
    __fpl_inf_ffix                           0x0008470c   ARM Code       0  ffix.o(x$fpl$ffix)
    Inline Thumb to ARM Veneer to __aeabi_i2f 0x0008471d   Thumb Code     4  fflt_noclz.o(x$fpl$fflt)
    __aeabi_i2f                              0x00084720   ARM Code       0  fflt_noclz.o(x$fpl$fflt)
    _fflt                                    0x00084720   ARM Code      92  fflt_noclz.o(x$fpl$fflt)
    __fflt_normalise                         0x0008472c   ARM Code       0  fflt_noclz.o(x$fpl$fflt)
    Inline Thumb to ARM Veneer to __aeabi_cfcmple 0x0008477d   Thumb Code     4  fleqf.o(x$fpl$fleqf)
    __aeabi_cfcmple                          0x00084780   ARM Code       0  fleqf.o(x$fpl$fleqf)
    _fcmple                                  0x00084780   ARM Code     116  fleqf.o(x$fpl$fleqf)
    Inline Thumb to ARM Veneer to __aeabi_fmul 0x000847f9   Thumb Code     4  fmul.o(x$fpl$fmul)
    __aeabi_fmul                             0x000847fc   ARM Code       0  fmul.o(x$fpl$fmul)
    _fmul                                    0x000847fc   ARM Code     260  fmul.o(x$fpl$fmul)
    __fpl_inf_fmul                           0x000848e4   ARM Code       0  fmul.o(x$fpl$fmul)
    __fpl_normalise2                         0x00084904   ARM Code     148  fnorm2_noclz.o(x$fpl$fnorm2)
    Inline Thumb to ARM Veneer to _fp_init   0x00084999   Thumb Code     4  fpinit.o(x$fpl$fpinit)
    __fplib_config_pureend_doubles           0x0008499c   ARM Code       0  fpinit.o(x$fpl$fpinit)
    _fp_init                                 0x0008499c   ARM Code       4  fpinit.o(x$fpl$fpinit)
    Inline Thumb to ARM Veneer to __aeabi_frsub 0x000849a1   Thumb Code     4  faddsub_noclz.o(x$fpl$frsb)
    __aeabi_frsub                            0x000849a4   ARM Code       0  faddsub_noclz.o(x$fpl$frsb)
    _frsb                                    0x000849a4   ARM Code      20  faddsub_noclz.o(x$fpl$frsb)
    _fsqrt                                   0x000849b8   ARM Code     192  fsqrt.o(x$fpl$fsqrt)
    __fpl_inf_fsqrt                          0x00084a58   ARM Code       0  fsqrt.o(x$fpl$fsqrt)
    Inline Thumb to ARM Veneer to __aeabi_fsub 0x00084a81   Thumb Code     4  faddsub_noclz.o(x$fpl$fsub)
    __aeabi_fsub                             0x00084a84   ARM Code       0  faddsub_noclz.o(x$fpl$fsub)
    _fsub                                    0x00084a84   ARM Code     356  faddsub_noclz.o(x$fpl$fsub)
    __fpl_inf_fsub                           0x00084bc0   ARM Code       0  faddsub_noclz.o(x$fpl$fsub)
    __funder                                 0x00084bec   ARM Code     144  funder.o(x$fpl$funder)
    __funder_d                               0x00084c7c   ARM Code       4  funder.o(x$fpl$funder)
    __fpl_return_NaN                         0x00084c80   ARM Code     116  retnan.o(x$fpl$retnan)
    __ARM_scalbn                             0x00084cf4   ARM Code       0  scalbn.o(x$fpl$scalbn)
    scalbn                                   0x00084cf4   ARM Code     108  scalbn.o(x$fpl$scalbn)
    __fpl_inf_scalbn                         0x00084d5c   ARM Code       0  scalbn.o(x$fpl$scalbn)
    __fpl_cmpreturn                          0x00084d60   ARM Code      60  trapv.o(x$fpl$trapveneer)
    __I$use$fp                               0x00084d9c   ARM Code       0  usenofp.o(x$fpl$usenofp)
    __mathlib_zero                           0x00084ef0   Data           8  qnan.o(.constdata)
    Region$$Table$$Base                      0x00084fe0   Number         0  anon$$obj.o(Region$$Table)
    Region$$Table$$Limit                     0x00085000   Number         0  anon$$obj.o(Region$$Table)



==============================================================================

Memory Map of the image

  Image Entry point : 0x000800bc

  Load Region LR_IROM1 (Base: 0x00080000, Size: 0x00005034, Max: 0x0000f800, ABSOLUTE)

    Execution Region ER_IROM1 (Base: 0x00080000, Size: 0x00005000, Max: 0x0000f800, ABSOLUTE)

    Base Addr    Size         Type   Attr      Idx    E Section Name        Object

    0x00080000   0x000000bc   Code   RO            3    RESET               aduc702x.o
    0x000800bc   0x00000008   Code   RO          245  * !!!main             __main.o(c_t.l)
    0x000800c4   0x0000003c   Code   RO          555    !!!scatter          __scatter.o(c_t.l)
    0x00080100   0x00000028   Code   RO          557    !!handler_copy      __scatter_copy.o(c_t.l)
    0x00080128   0x0000002c   Code   RO          559    !!handler_zi        __scatter_zi.o(c_t.l)
    0x00080154   0x00000008   Ven    RO          435    .ARM.Collect$$libinit$$00000000  libinit.o(c_t.l)
    0x0008015c   0x00000006   Code   RO          435    .ARM.Collect$$libinit$$00000000  libinit.o(c_t.l)
    0x00080162   0x00000000   Code   RO          446    .ARM.Collect$$libinit$$00000006  libinit2.o(c_t.l)
    0x00080162   0x00000000   Code   RO          448    .ARM.Collect$$libinit$$00000008  libinit2.o(c_t.l)
    0x00080162   0x00000000   Code   RO          450    .ARM.Collect$$libinit$$0000000A  libinit2.o(c_t.l)
    0x00080162   0x00000000   Code   RO          453    .ARM.Collect$$libinit$$0000000D  libinit2.o(c_t.l)
    0x00080162   0x00000000   Code   RO          455    .ARM.Collect$$libinit$$0000000F  libinit2.o(c_t.l)
    0x00080162   0x00000000   Code   RO          457    .ARM.Collect$$libinit$$00000011  libinit2.o(c_t.l)
    0x00080162   0x00000000   Code   RO          459    .ARM.Collect$$libinit$$00000013  libinit2.o(c_t.l)
    0x00080162   0x00000000   Code   RO          461    .ARM.Collect$$libinit$$00000015  libinit2.o(c_t.l)
    0x00080162   0x00000000   Code   RO          463    .ARM.Collect$$libinit$$00000017  libinit2.o(c_t.l)
    0x00080162   0x00000000   Code   RO          465    .ARM.Collect$$libinit$$00000019  libinit2.o(c_t.l)
    0x00080162   0x00000000   Code   RO          467    .ARM.Collect$$libinit$$0000001B  libinit2.o(c_t.l)
    0x00080162   0x00000000   Code   RO          469    .ARM.Collect$$libinit$$0000001D  libinit2.o(c_t.l)
    0x00080162   0x00000000   Code   RO          471    .ARM.Collect$$libinit$$0000001F  libinit2.o(c_t.l)
    0x00080162   0x00000000   Code   RO          473    .ARM.Collect$$libinit$$00000021  libinit2.o(c_t.l)
    0x00080162   0x00000000   Code   RO          477    .ARM.Collect$$libinit$$00000028  libinit2.o(c_t.l)
    0x00080162   0x00000000   Code   RO          479    .ARM.Collect$$libinit$$0000002A  libinit2.o(c_t.l)
    0x00080162   0x00000000   Code   RO          481    .ARM.Collect$$libinit$$0000002C  libinit2.o(c_t.l)
    0x00080162   0x00000000   Code   RO          483    .ARM.Collect$$libinit$$0000002E  libinit2.o(c_t.l)
    0x00080162   0x0000000c   Code   RO          484    .ARM.Collect$$libinit$$0000002F  libinit2.o(c_t.l)
    0x0008016e   0x00000002   PAD
    0x00080170   0x00000008   Ven    RO          513    .ARM.Collect$$libshutdown$$00000000  libshutdown.o(c_t.l)
    0x00080178   0x00000004   Code   RO          513    .ARM.Collect$$libshutdown$$00000000  libshutdown.o(c_t.l)
    0x0008017c   0x00000000   Code   RO          540    .ARM.Collect$$libshutdown$$00000003  libshutdown2.o(c_t.l)
    0x0008017c   0x00000000   Code   RO          543    .ARM.Collect$$libshutdown$$00000006  libshutdown2.o(c_t.l)
    0x0008017c   0x00000000   Code   RO          546    .ARM.Collect$$libshutdown$$00000009  libshutdown2.o(c_t.l)
    0x0008017c   0x00000000   Code   RO          548    .ARM.Collect$$libshutdown$$0000000B  libshutdown2.o(c_t.l)
    0x0008017c   0x00000000   Code   RO          551    .ARM.Collect$$libshutdown$$0000000E  libshutdown2.o(c_t.l)
    0x0008017c   0x00000006   Code   RO          552    .ARM.Collect$$libshutdown$$0000000F  libshutdown2.o(c_t.l)
    0x00080182   0x00000002   PAD
    0x00080184   0x00000000   Code   RO          328    .ARM.Collect$$rtentry$$00000000  rtentry.o(c_t.l)
    0x00080184   0x00000000   Code   RO          384    .ARM.Collect$$rtentry$$00000002  rtentry2.o(c_t.l)
    0x00080184   0x00000008   Code   RO          399    .ARM.Collect$$rtentry$$00000004  rtentry4.o(c_t.l)
    0x0008018c   0x00000000   Code   RO          386    .ARM.Collect$$rtentry$$00000009  rtentry2.o(c_t.l)
    0x0008018c   0x00000004   Code   RO          387    .ARM.Collect$$rtentry$$0000000A  rtentry2.o(c_t.l)
    0x00080190   0x00000000   Code   RO          389    .ARM.Collect$$rtentry$$0000000C  rtentry2.o(c_t.l)
    0x00080190   0x00000028   Code   RO          390    .ARM.Collect$$rtentry$$0000000D  rtentry2.o(c_t.l)
    0x000801b8   0x00000004   Ven    RO          436    .ARM.Collect$$rtexit$$00000000  rtexit.o(c_t.l)
    0x000801bc   0x00000000   Code   RO          436    .ARM.Collect$$rtexit$$00000000  rtexit.o(c_t.l)
    0x000801bc   0x00000000   Code   RO          488    .ARM.Collect$$rtexit$$00000002  rtexit2.o(c_t.l)
    0x000801bc   0x00000004   Code   RO          489    .ARM.Collect$$rtexit$$00000003  rtexit2.o(c_t.l)
    0x000801c0   0x00000004   Code   RO          490    .ARM.Collect$$rtexit$$00000004  rtexit2.o(c_t.l)
    0x000801c4   0x00000020   Code   RO            4    .text               aduc702x.o
    0x000801e4   0x00000098   Code   RO           85    .text               controlmodule.o
    0x0008027c   0x000006cc   Code   RO           97    .text               fft.o
    0x00080948   0x00000244   Code   RO          111    .text               initializations.o
    0x00080b8c   0x00000124   Code   RO          135    .text               processmodule.o
    0x00080cb0   0x00000008   Ven    RO          147    .text               retarget.o
    0x00080cb8   0x00000004   Code   RO          147    .text               retarget.o
    0x00080cbc   0x00000054   Code   RO          162    .text               rms.o
    0x00080d10   0x000000b8   Code   RO          174    .text               system.o
    0x00080dc8   0x0000011c   Code   RO          186    .text               variablechannel-v14.o
    0x00080ee4   0x000000e0   Code   RO          187    .text               variablechannel-v14.o
    0x00080fc4   0x000000a4   Code   RO          211    .text               window.o
    0x00081068   0x00000004   Code   RO          225    .text               use_no_semi.o(c_t.l)
    0x0008106c   0x00000004   Ven    RO          227    .text               aeabi_sdiv.o(c_t.l)
    0x00081070   0x00000180   Code   RO          227    .text               aeabi_sdiv.o(c_t.l)
    0x000811f0   0x00000006   Code   RO          243    .text               heapauxi.o(c_t.l)
    0x000811f6   0x00000002   PAD
    0x000811f8   0x00000008   Ven    RO          334    .text               _rserrno.o(c_t.l)
    0x00081200   0x0000001a   Code   RO          334    .text               _rserrno.o(c_t.l)
    0x0008121a   0x00000002   PAD
    0x0008121c   0x00000004   Ven    RO          406    .text               rt_errno_addr_intlibspace.o(c_t.l)
    0x00081220   0x00000010   Code   RO          406    .text               rt_errno_addr_intlibspace.o(c_t.l)
    0x00081230   0x0000000c   Code   RO          418    .text               libspace.o(c_t.l)
    0x0008123c   0x00000060   Code   RO          421    .text               sys_stackheap_outer.o(c_t.l)
    0x0008129c   0x0000000c   Code   RO          423    .text               exit.o(c_t.l)
    0x000812a8   0x0000001c   Code   RO          228    .text_udiv          aeabi_sdiv.o(c_t.l)
    0x000812c4   0x000004ac   Code   RO          373    i.__ieee754_rem_pio2  rred.o(m_ts.l)
    0x00081770   0x00000190   Code   RO          367    i.__kernel_cos      cos_i.o(m_ts.l)
    0x00081900   0x000000f8   Code   RO          370    i.__kernel_poly     poly.o(m_ts.l)
    0x000819f8   0x00000178   Code   RO          376    i.__kernel_sin      sin_i.o(m_ts.l)
    0x00081b70   0x00000004   Ven    RO          300    i.atan              atan.o(m_ts.l)
    0x00081b74   0x00000348   Code   RO          300    i.atan              atan.o(m_ts.l)
    0x00081ebc   0x00000010   Code   RO          318    i.copysign          pow.o(m_ts.l)
    0x00081ecc   0x00000004   Ven    RO          305    i.cos               cos.o(m_ts.l)
    0x00081ed0   0x000000ec   Code   RO          305    i.cos               cos.o(m_ts.l)
    0x00081fbc   0x00000004   Ven    RO          314    i.pow               pow.o(m_ts.l)
    0x00081fc0   0x00000e20   Code   RO          314    i.pow               pow.o(m_ts.l)
    0x00082de0   0x00000004   Ven    RO          321    i.sin               sin.o(m_ts.l)
    0x00082de4   0x000000fc   Code   RO          321    i.sin               sin.o(m_ts.l)
    0x00082ee0   0x00000078   Code   RO          380    i.sqrt              sqrt.o(m_ts.l)
    0x00082f58   0x00000004   Ven    RO          325    i.sqrtf             sqrtf.o(m_ts.l)
    0x00082f5c   0x00000054   Code   RO          325    i.sqrtf             sqrtf.o(m_ts.l)
    0x00082fb0   0x00000004   Ven    RO          247    x$fpl$d2f           d2f.o(fz_ts.l)
    0x00082fb4   0x000000ac   Code   RO          247    x$fpl$d2f           d2f.o(fz_ts.l)
    0x00083060   0x000001d4   Code   RO          249    x$fpl$dadd          daddsub_noclz.o(fz_ts.l)
    0x00083234   0x00000010   Code   RO          336    x$fpl$dcheck        dcheck.o(fz_ts.l)
    0x00083244   0x00000010   Code   RO          338    x$fpl$dcheck1       dcheck1.o(fz_ts.l)
    0x00083254   0x00000080   Code   RO          340    x$fpl$dcmpinfnan    dcmpin.o(fz_ts.l)
    0x000832d4   0x00000064   Code   RO          350    x$fpl$dcmpinfnan    fcmpin.o(fz_ts.l)
    0x00083338   0x00000004   Ven    RO          256    x$fpl$ddiv          ddiv.o(fz_ts.l)
    0x0008333c   0x0000045c   Code   RO          256    x$fpl$ddiv          ddiv.o(fz_ts.l)
    0x00083798   0x00000004   Ven    RO          259    x$fpl$dfix          dfix.o(fz_ts.l)
    0x0008379c   0x000000b0   Code   RO          259    x$fpl$dfix          dfix.o(fz_ts.l)
    0x0008384c   0x00000004   Ven    RO          264    x$fpl$dflt          dflt_noclz.o(fz_ts.l)
    0x00083850   0x00000058   Code   RO          264    x$fpl$dflt          dflt_noclz.o(fz_ts.l)
    0x000838a8   0x00000088   Code   RO          408    x$fpl$dleqf         dleqf.o(fz_ts.l)
    0x00083930   0x00000004   Ven    RO          267    x$fpl$dmul          dmul.o(fz_ts.l)
    0x00083934   0x000001dc   Code   RO          267    x$fpl$dmul          dmul.o(fz_ts.l)
    0x00083b10   0x000001fc   Code   RO          410    x$fpl$drem          drem_noclz.o(fz_ts.l)
    0x00083d0c   0x00000004   Ven    RO          269    x$fpl$drleqf        drleqf.o(fz_ts.l)
    0x00083d10   0x000000a0   Code   RO          269    x$fpl$drleqf        drleqf.o(fz_ts.l)
    0x00083db0   0x00000004   Ven    RO          250    x$fpl$drsb          daddsub_noclz.o(fz_ts.l)
    0x00083db4   0x00000018   Code   RO          250    x$fpl$drsb          daddsub_noclz.o(fz_ts.l)
    0x00083dcc   0x00000188   Code   RO          412    x$fpl$dsqrt         dsqrt.o(fz_ts.l)
    0x00083f54   0x00000248   Code   RO          251    x$fpl$dsub          daddsub_noclz.o(fz_ts.l)
    0x0008419c   0x00000118   Code   RO          344    x$fpl$dunder        dunder.o(fz_ts.l)
    0x000842b4   0x00000004   Ven    RO          271    x$fpl$f2d           f2d.o(fz_ts.l)
    0x000842b8   0x00000064   Code   RO          271    x$fpl$f2d           f2d.o(fz_ts.l)
    0x0008431c   0x00000004   Ven    RO          273    x$fpl$fadd          faddsub_noclz.o(fz_ts.l)
    0x00084320   0x00000108   Code   RO          273    x$fpl$fadd          faddsub_noclz.o(fz_ts.l)
    0x00084428   0x0000000c   Code   RO          346    x$fpl$fcheck        fcheck.o(fz_ts.l)
    0x00084434   0x0000000c   Code   RO          348    x$fpl$fcheck1       fcheck1.o(fz_ts.l)
    0x00084440   0x00000004   Ven    RO          280    x$fpl$fdiv          fdiv.o(fz_ts.l)
    0x00084444   0x000001e4   Code   RO          280    x$fpl$fdiv          fdiv.o(fz_ts.l)
    0x00084628   0x00000004   Ven    RO          283    x$fpl$feqf          feqf.o(fz_ts.l)
    0x0008462c   0x00000078   Code   RO          283    x$fpl$feqf          feqf.o(fz_ts.l)
    0x000846a4   0x00000004   Ven    RO          285    x$fpl$ffix          ffix.o(fz_ts.l)
    0x000846a8   0x00000074   Code   RO          285    x$fpl$ffix          ffix.o(fz_ts.l)
    0x0008471c   0x00000004   Ven    RO          290    x$fpl$fflt          fflt_noclz.o(fz_ts.l)
    0x00084720   0x0000005c   Code   RO          290    x$fpl$fflt          fflt_noclz.o(fz_ts.l)
    0x0008477c   0x00000004   Ven    RO          293    x$fpl$fleqf         fleqf.o(fz_ts.l)
    0x00084780   0x00000078   Code   RO          293    x$fpl$fleqf         fleqf.o(fz_ts.l)
    0x000847f8   0x00000004   Ven    RO          295    x$fpl$fmul          fmul.o(fz_ts.l)
    0x000847fc   0x00000108   Code   RO          295    x$fpl$fmul          fmul.o(fz_ts.l)
    0x00084904   0x00000094   Code   RO          352    x$fpl$fnorm2        fnorm2_noclz.o(fz_ts.l)
    0x00084998   0x00000004   Ven    RO          485    x$fpl$fpinit        fpinit.o(fz_ts.l)
    0x0008499c   0x00000004   Code   RO          485    x$fpl$fpinit        fpinit.o(fz_ts.l)
    0x000849a0   0x00000004   Ven    RO          274    x$fpl$frsb          faddsub_noclz.o(fz_ts.l)
    0x000849a4   0x00000014   Code   RO          274    x$fpl$frsb          faddsub_noclz.o(fz_ts.l)
    0x000849b8   0x000000c8   Code   RO          354    x$fpl$fsqrt         fsqrt.o(fz_ts.l)
    0x00084a80   0x00000004   Ven    RO          275    x$fpl$fsub          faddsub_noclz.o(fz_ts.l)
    0x00084a84   0x00000168   Code   RO          275    x$fpl$fsub          faddsub_noclz.o(fz_ts.l)
    0x00084bec   0x00000094   Code   RO          356    x$fpl$funder        funder.o(fz_ts.l)
    0x00084c80   0x00000074   Code   RO          414    x$fpl$retnan        retnan.o(fz_ts.l)
    0x00084cf4   0x0000006c   Code   RO          361    x$fpl$scalbn        scalbn.o(fz_ts.l)
    0x00084d60   0x0000003c   Code   RO          416    x$fpl$trapveneer    trapv.o(fz_ts.l)
    0x00084d9c   0x00000000   Code   RO          366    x$fpl$usenofp       usenofp.o(fz_ts.l)
    0x00084d9c   0x00000004   PAD
    0x00084da0   0x00000098   Data   RO          301    .constdata          atan.o(m_ts.l)
    0x00084e38   0x00000088   Data   RO          315    .constdata          pow.o(m_ts.l)
    0x00084ec0   0x00000030   Data   RO          368    .constdata          cos_i.o(m_ts.l)
    0x00084ef0   0x00000008   Data   RO          372    .constdata          qnan.o(m_ts.l)
    0x00084ef8   0x000000c0   Data   RO          374    .constdata          rred.o(m_ts.l)
    0x00084fb8   0x00000028   Data   RO          377    .constdata          sin_i.o(m_ts.l)
    0x00084fe0   0x00000020   Data   RO          553    Region$$Table       anon$$obj.o


    Execution Region RW_IRAM1 (Base: 0x00010000, Size: 0x00001d30, Max: 0x00002000, ABSOLUTE)

    Base Addr    Size         Type   Attr      Idx    E Section Name        Object

    0x00010000   0x00000014   Data   RW           99    .data               fft.o
    0x00010014   0x00000020   Data   RW          189    .data               variablechannel-v14.o
    0x00010034   0x00000610   Zero   RW           98    .bss                fft.o
    0x00010644   0x0000100c   Zero   RW          188    .bss                variablechannel-v14.o
    0x00011650   0x00000060   Zero   RW          419    .bss                libspace.o(c_t.l)
    0x000116b0   0x00000000   Zero   RW            2    HEAP                aduc702x.o
    0x000116b0   0x00000680   Zero   RW            1    STACK               aduc702x.o


==============================================================================

Image component sizes


      Code (inc. data)   RO Data    RW Data    ZI Data      Debug   Object Name

       220         56          0          0       1664        392   aduc702x.o
         0          0          0          0          0       2805   cepstrum.o
       152         22          0          0          0        478   controlmodule.o
      1740        102          0         20       1552       1856   fft.o
       580         94          0          0          0       1704   initializations.o
       292         18          0          0          0        554   processmodule.o
         4          0          0          0          0        348   retarget.o
        84          0          0          0          0        730   rms.o
       184         30          0          0          0       1331   system.o
       508         36          0         32       4108       3322   variablechannel-v14.o
       164         46          0          0          0        477   window.o

    ----------------------------------------------------------------------
      3936        404         32         52       7324      13997   Object Totals
         8          0         32          0          0          0   (incl. Generated)
         0          0          0          0          0          1   (incl. Padding)

    ----------------------------------------------------------------------

      Code (inc. data)   RO Data    RW Data    ZI Data      Debug   Library Member Name

         8          0          0          0          0         68   __main.o
        60          8          0          0          0          0   __scatter.o
        40          0          0          0          0          0   __scatter_copy.o
        44          0          0          0          0          0   __scatter_zi.o
        34          0          0          0          0        100   _rserrno.o
       416          0          0          0          0        148   aeabi_sdiv.o
       844         80        152          0          0        156   atan.o
       240         24          0          0          0        100   cos.o
       400         28         48          0          0        112   cos_i.o
       176          4          0          0          0         68   d2f.o
      1080         28          0          0          0        328   daddsub_noclz.o
        16          4          0          0          0         68   dcheck.o
        16          4          0          0          0         68   dcheck1.o
       128          0          0          0          0         84   dcmpin.o
      1120        272          0          0          0        212   ddiv.o
       180          4          0          0          0         76   dfix.o
        92          0          0          0          0         68   dflt_noclz.o
       136          4          0          0          0         68   dleqf.o
       480         16          0          0          0        128   dmul.o
       508         12          0          0          0        140   drem_noclz.o
       164          4          0          0          0         68   drleqf.o
       392          8          0          0          0        152   dsqrt.o
       280          0          0          0          0         92   dunder.o
        12          0          0          0          0         60   exit.o
       104          4          0          0          0         68   f2d.o
       656          8          0          0          0        204   faddsub_noclz.o
        12          4          0          0          0         68   fcheck.o
        12          4          0          0          0         68   fcheck1.o
       100          0          0          0          0         68   fcmpin.o
       488         76          0          0          0         76   fdiv.o
       124          4          0          0          0         68   feqf.o
       120          4          0          0          0         68   ffix.o
        96          0          0          0          0         68   fflt_noclz.o
       124          4          0          0          0         68   fleqf.o
       268          4          0          0          0         68   fmul.o
       148          0          0          0          0         68   fnorm2_noclz.o
         8          0          0          0          0         68   fpinit.o
       200          8          0          0          0         68   fsqrt.o
       148          0          0          0          0         84   funder.o
         6          0          0          0          0        132   heapauxi.o
        14          0          0          0          0          0   libinit.o
        12          0          0          0          0          0   libinit2.o
        12          0          0          0          0          0   libshutdown.o
         6          0          0          0          0          0   libshutdown2.o
        12          4          0          0         96         68   libspace.o
       248          0          0          0          0         96   poly.o
      3636        236        136          0          0        232   pow.o
         0          0          8          0          0          0   qnan.o
       116          0          0          0          0         68   retnan.o
      1196        104        192          0          0        116   rred.o
        20          4          0          0          0         68   rt_errno_addr_intlibspace.o
         0          0          0          0          0          0   rtentry.o
        44          4          0          0          0          0   rtentry2.o
         8          0          0          0          0          0   rtentry4.o
         4          0          0          0          0          0   rtexit.o
         8          0          0          0          0          0   rtexit2.o
       108          0          0          0          0         68   scalbn.o
       256         24          0          0          0        100   sin.o
       376         12         40          0          0        116   sin_i.o
       120         20          0          0          0         96   sqrt.o
        88          8          0          0          0         88   sqrtf.o
        96          0          0          0          0         80   sys_stackheap_outer.o
        60          0          0          0          0         68   trapv.o
         4          0          0          0          0         68   use_no_semi.o
         0          0          0          0          0          0   usenofp.o

    ----------------------------------------------------------------------
     15936       1036        576          0         96       5008   Library Totals
        12          0          0          0          0          0   (incl. Padding)

    ----------------------------------------------------------------------

      Code (inc. data)   RO Data    RW Data    ZI Data      Debug   Library Name

       860         20          0          0         96        792   c_t.l
      7660        480          0          0          0       3004   fz_ts.l
      7404        536        576          0          0       1212   m_ts.l

    ----------------------------------------------------------------------
     15936       1036        576          0         96       5008   Library Totals

    ----------------------------------------------------------------------

==============================================================================


      Code (inc. data)   RO Data    RW Data    ZI Data      Debug   

     19872       1440        608         52       7420      15944   Grand Totals
     19872       1440        608         52       7420      15944   ELF Image Totals
     19872       1440        608         52          0          0   ROM Totals

==============================================================================

    Total RO  Size (Code + RO Data)                20480 (  20.00kB)
    Total RW  Size (RW Data + ZI Data)              7472 (   7.30kB)
    Total ROM Size (Code + RO Data + RW Data)      20532 (  20.05kB)

==============================================================================

